// Jest Snapshot v1, https://goo.gl/fbAQLP

exports[`STORIES_PROFESSIONS compare against snapshot 1`] = `
.emotion-0 {
  display: -webkit-box;
  display: -webkit-flex;
  display: -ms-flexbox;
  display: flex;
  -webkit-flex-direction: column;
  -ms-flex-direction: column;
  flex-direction: column;
}

.emotion-1 {
  padding: 0 0 1rem 0;
  margin: 0;
}

.emotion-2 {
  font-size: 1rem;
  margin-bottom: 1rem;
}

.emotion-3 {
  font-size: 1rem;
  line-height: 1.25rem;
  margin: 0;
}

.emotion-4 {
  font-size: 0.7rem;
  line-height: 0.75rem;
  margin: 0;
}

.emotion-5 {
  margin: 0 0 2rem 0;
  padding: 0;
  width: 100%;
}

.emotion-6 {
  cursor: pointer;
  display: -webkit-box;
  display: -webkit-flex;
  display: -ms-flexbox;
  display: flex;
  -webkit-box-flex: 1;
  -webkit-flex-grow: 1;
  -ms-flex-positive: 1;
  flex-grow: 1;
  width: 100%;
}

.emotion-7 {
  width: 100%;
  height: 150px;
  padding: 1rem;
  color: #fff;
  background-color: #fff;
  background-image: url('/labs-client-web-react/app/img/ba_pro_act.jpg');
  margin: 0 1px 1px 0;
  display: -webkit-box;
  display: -webkit-flex;
  display: -ms-flexbox;
  display: flex;
  -webkit-box-pack: center;
  -ms-flex-pack: center;
  -webkit-justify-content: center;
  justify-content: center;
  -webkit-align-items: center;
  -webkit-box-align: center;
  -ms-flex-align: center;
  align-items: center;
  -webkit-flex: 1;
  -ms-flex: 1;
  flex: 1;
}

.emotion-8 {
  font-size: 2.5rem;
  line-height: 2.5rem;
  padding: 0;
  margin: 0 0 0.75rem 0;
}

.emotion-10 {
  width: 100%;
  height: 150px;
  padding: 1rem;
  color: #fff;
  background-color: #fff;
  background-image: url('/labs-client-web-react/app/img/ba_pro_dir.jpg');
  margin: 0 1px 1px 0;
  display: -webkit-box;
  display: -webkit-flex;
  display: -ms-flexbox;
  display: flex;
  -webkit-box-pack: center;
  -ms-flex-pack: center;
  -webkit-justify-content: center;
  justify-content: center;
  -webkit-align-items: center;
  -webkit-box-align: center;
  -ms-flex-align: center;
  align-items: center;
  -webkit-flex: 1;
  -ms-flex: 1;
  flex: 1;
}

.emotion-13 {
  width: 100%;
  height: 150px;
  padding: 1rem;
  color: #fff;
  background-color: #fff;
  background-image: url('/labs-client-web-react/app/img/ba_pro_wri.jpg');
  margin: 0 1px 1px 0;
  display: -webkit-box;
  display: -webkit-flex;
  display: -ms-flexbox;
  display: flex;
  -webkit-box-pack: center;
  -ms-flex-pack: center;
  -webkit-justify-content: center;
  justify-content: center;
  -webkit-align-items: center;
  -webkit-box-align: center;
  -ms-flex-align: center;
  align-items: center;
  -webkit-flex: 1;
  -ms-flex: 1;
  flex: 1;
}

.emotion-18 {
  padding-top: 2rem;
}

<div>
  <div
    class="emotion-0"
  >
    <h2
      class="emotion-1"
    >
      Professions
    </h2>
    <div
      class="emotion-2"
    >
      <div
        class="emotion-3"
      >
        THIS IS THE TEST QUOTE
      </div>
      <span
        class="emotion-4"
      >
        The programmer
      </span>
    </div>
    <div
      style="margin: 0px 3rem;"
    >
      <div
        class="emotion-5"
      >
        <div
          class="MuiGrid-root MuiGrid-container MuiGrid-justify-content-xs-center"
          style="width: 100%;"
        >
          <div
            class="MuiGrid-root MuiGrid-item MuiGrid-grid-xs-6 MuiGrid-grid-sm-6 MuiGrid-grid-md-3"
          >
            <div
              class="emotion-6"
            >
              <div
                class="emotion-7"
                img="/img/ba_pro_act.jpg"
              >
                <h2
                  class="emotion-8"
                >
                  Actors
                </h2>
              </div>
            </div>
          </div>
          <div
            class="MuiGrid-root MuiGrid-item MuiGrid-grid-xs-6 MuiGrid-grid-sm-6 MuiGrid-grid-md-3"
          >
            <div
              class="emotion-6"
            >
              <div
                class="emotion-10"
                img="/img/ba_pro_dir.jpg"
              >
                <h2
                  class="emotion-8"
                >
                  Directors
                </h2>
              </div>
            </div>
          </div>
          <div
            class="MuiGrid-root MuiGrid-item MuiGrid-grid-xs-6 MuiGrid-grid-sm-6 MuiGrid-grid-md-3"
          >
            <div
              class="emotion-6"
            >
              <div
                class="emotion-13"
                img="/img/ba_pro_wri.jpg"
              >
                <h2
                  class="emotion-8"
                >
                  Writers
                </h2>
              </div>
            </div>
          </div>
          <div
            class="MuiGrid-root MuiGrid-item MuiGrid-grid-xs-6 MuiGrid-grid-sm-6 MuiGrid-grid-md-3"
          >
            <div
              class="emotion-6"
            >
              <div
                class="emotion-13"
                img="/img/ba_pro_wri.jpg"
              >
                <h2
                  class="emotion-8"
                >
                  Producers
                </h2>
              </div>
            </div>
          </div>
        </div>
      </div>
    </div>
    <div
      class="emotion-18"
    />
  </div>
</div>
`;
