// Jest Snapshot v1, https://goo.gl/fbAQLP

exports[`PAGE_MOVIE compare against snapshot 1`] = `
.emotion-0 {
  display: -webkit-box;
  display: -webkit-flex;
  display: -ms-flexbox;
  display: flex;
  -webkit-flex-direction: column;
  -ms-flex-direction: column;
  flex-direction: column;
}

.emotion-1 {
  display: -webkit-box;
  display: -webkit-flex;
  display: -ms-flexbox;
  display: flex;
  -webkit-flex-direction: column;
  -ms-flex-direction: column;
  flex-direction: column;
  font-size: 1rem;
}

@media (min-width:0px) {
  .emotion-1 {
    padding: 0rem 2rem 3rem 2rem;
  }
}

@media (min-width:600px) {
  .emotion-1 {
    padding: 0rem 2rem 3rem 2rem;
  }
}

@media (min-width:1200px) {
  .emotion-1 {
    padding: 0rem 4rem 3rem 4rem;
  }
}

.emotion-2 {
  padding: 0rem 0rem 4rem 0rem;
}

.emotion-3 {
  display: -webkit-box;
  display: -webkit-flex;
  display: -ms-flexbox;
  display: flex;
  -webkit-flex-direction: column;
  -ms-flex-direction: column;
  flex-direction: column;
  display: -webkit-box;
  display: -webkit-flex;
  display: -ms-flexbox;
  display: flex;
  -webkit-box-flex: 1;
  -webkit-flex-grow: 1;
  -ms-flex-positive: 1;
  flex-grow: 1;
}

.emotion-3>:not(style)+:not(style) {
  margin: 0;
  margin-top: 8px;
}

.emotion-5 {
  margin: 0 0 2rem 0;
  padding: 0;
  width: 100%;
}

.emotion-6 {
  display: -webkit-box;
  display: -webkit-flex;
  display: -ms-flexbox;
  display: flex;
  -webkit-flex-direction: row;
  -ms-flex-direction: row;
  flex-direction: row;
}

.emotion-7 {
  display: inline-block;
  margin: 0;
  margin-right: 0.25rem;
  margin-bottom: 0.25rem;
}

.emotion-13 {
  font-size: 2.5rem;
  line-height: 2.75rem;
  padding: 0;
  margin: 0;
}

.emotion-15 {
  font-size: 1.8rem;
  line-height: 2rem;
  text-transform: lowercase;
  padding: 0;
  margin: 0 0 0.5rem 0;
}

.emotion-16 {
  font-size: 0.7rem;
  line-height: 0.75rem;
  text-transform: uppercase;
  font-weight: 400;
  margin: 0 0 0.15rem 0;
  padding: 0;
}

.emotion-17 {
  font-size: 1rem;
  line-height: 1.25rem;
  margin: 0 0 0.5rem 0;
}

.emotion-42 {
  margin: 1rem 0 0 0;
  padding: 0;
  font-size: 1rem;
  line-height: 1rem;
}

.emotion-43 {
  text-transform: uppercase;
  margin: 1rem 0 0 0;
  padding: 0;
  font-size: 0.9rem;
  line-height: 1rem;
  font-weight: 400;
}

.emotion-44 {
  cursor: pointer;
  display: -webkit-box;
  display: -webkit-flex;
  display: -ms-flexbox;
  display: flex;
  -webkit-box-flex: 1;
  -webkit-flex-grow: 1;
  -ms-flex-positive: 1;
  flex-grow: 1;
}

.emotion-55 {
  margin: 0;
  margin-bottom: 1rem;
}

.emotion-57 {
  cursor: pointer;
  -webkit-text-decoration: underline;
  text-decoration: underline;
  text-decoration-style: dotted;
  text-decoration-color: #556cd6;
  text-decoration-thickness: 1px;
}

.emotion-59 {
  font-size: 0.7rem;
  line-height: 0.75rem;
  margin: 0;
}

.emotion-66 {
  background-color: #fff;
  color: rgba(0, 0, 0, 0.87);
  -webkit-transition: box-shadow 300ms cubic-bezier(0.4, 0, 0.2, 1) 0ms;
  transition: box-shadow 300ms cubic-bezier(0.4, 0, 0.2, 1) 0ms;
  border-radius: 4px;
  box-shadow: 0px 2px 1px -1px rgba(0,0,0,0.2),0px 1px 1px 0px rgba(0,0,0,0.14),0px 1px 3px 0px rgba(0,0,0,0.12);
}

.emotion-67 {
  padding: 0.85rem;
}

.emotion-68 {
  font-size: 1.5rem;
  padding-bottom: 0.5rem;
}

.emotion-69 {
  font-size: 0.9rem;
}

<div>
  <div
    class="emotion-0"
  >
    <div
      class="emotion-1"
    >
      <div
        class="MuiGrid-root page-module MuiGrid-container"
      >
        <div
          class="MuiGrid-root MuiGrid-item MuiGrid-grid-xs-12 MuiGrid-grid-sm-12 MuiGrid-grid-md-9"
        >
          <div
            class="emotion-2"
          >
            <div
              class="emotion-3"
            >
              <div
                class="emotion-0"
              >
                <div
                  class="emotion-5"
                >
                  <div
                    style="height: 300px; width: 100%; background-color: rgb(51, 51, 51);"
                  >
                    <img
                      height="300"
                      layout="fill"
                      src="https://m.media-amazon.com/images/M/MV5BMTkwOTY0MTc1NV5BMl5BanBnXkFtZTcwMDQwNjA2NQ@@._V1_SX300.jpg"
                    />
                  </div>
                </div>
                <div
                  class="emotion-6"
                >
                  <div
                    class="emotion-7"
                  >
                    <div
                      class="MuiChip-root MuiChip-colorPrimary MuiChip-sizeSmall"
                    >
                      <span
                        class="MuiChip-label MuiChip-labelSmall"
                      >
                        movie
                      </span>
                    </div>
                  </div>
                  <div
                    class="emotion-6"
                  >
                    <div
                      class="emotion-7"
                    >
                      <div
                        class="MuiChip-root MuiChip-colorPrimary MuiChip-outlined MuiChip-outlinedPrimary MuiChip-sizeSmall"
                      >
                        <span
                          class="MuiChip-label MuiChip-labelSmall"
                        >
                          action
                        </span>
                      </div>
                    </div>
                    <div
                      class="emotion-7"
                    >
                      <div
                        class="MuiChip-root MuiChip-colorPrimary MuiChip-outlined MuiChip-outlinedPrimary MuiChip-sizeSmall"
                      >
                        <span
                          class="MuiChip-label MuiChip-labelSmall"
                        >
                          adventure
                        </span>
                      </div>
                    </div>
                    <div
                      class="emotion-7"
                    >
                      <div
                        class="MuiChip-root MuiChip-colorPrimary MuiChip-outlined MuiChip-outlinedPrimary MuiChip-sizeSmall"
                      >
                        <span
                          class="MuiChip-label MuiChip-labelSmall"
                        >
                          sciFi
                        </span>
                      </div>
                    </div>
                  </div>
                </div>
                <div
                  class="emotion-5"
                >
                  <h2
                    class="emotion-13"
                  >
                    Transformers: Dark of the Moon
                  </h2>
                </div>
                <div
                  class="emotion-5"
                >
                  <h3
                    class="emotion-15"
                  >
                    general information
                  </h3>
                  <div>
                    <div
                      class="emotion-16"
                    >
                      Released
                    </div>
                    <div
                      class="emotion-17"
                    >
                      <span>
                        2011
                      </span>
                       
                    </div>
                  </div>
                  <div>
                    <div
                      class="emotion-16"
                    >
                      Duration
                    </div>
                    <div
                      class="emotion-17"
                    >
                      154
                       
                      mins
                    </div>
                  </div>
                  <div>
                    <div
                      class="emotion-16"
                    >
                      Classification
                    </div>
                    <div
                      class="emotion-17"
                    >
                      ?
                       
                    </div>
                  </div>
                  <div>
                    <div
                      class="emotion-16"
                    >
                      Language
                    </div>
                    <div
                      class="emotion-17"
                    >
                      English
                       
                    </div>
                  </div>
                  <div>
                    <div
                      class="emotion-16"
                    >
                      Production
                    </div>
                    <div
                      class="emotion-17"
                    >
                      Don Murphy/Tom DeSanto, Ian Bryce, Di Bonaventura Pictures
                       
                    </div>
                  </div>
                </div>
                <div
                  class="emotion-5"
                >
                  <h3
                    class="emotion-15"
                  >
                    More information
                  </h3>
                  <div
                    class="emotion-6"
                  >
                    <a
                      href="https://www.imdb.com/title/tt1399103/"
                    >
                      <div
                        class="emotion-7"
                      >
                        <div
                          class="MuiChip-root MuiChip-colorPrimary MuiChip-sizeSmall"
                        >
                          <span
                            class="MuiChip-label MuiChip-labelSmall"
                          >
                            IMDB
                          </span>
                        </div>
                      </div>
                    </a>
                  </div>
                </div>
                <div
                  class="emotion-5"
                >
                  <h3
                    class="emotion-15"
                  >
                    Ratings
                  </h3>
                  <div
                    class="MuiGrid-root MuiGrid-container"
                  >
                    <div
                      class="MuiGrid-root MuiGrid-item MuiGrid-grid-xs-6 MuiGrid-grid-sm-4 MuiGrid-grid-md-3"
                    >
                      <div>
                        <div
                          class="emotion-16"
                        >
                          Internet Movie Database
                        </div>
                        <div
                          class="emotion-17"
                        >
                          6.2/10
                           
                        </div>
                      </div>
                    </div>
                    <div
                      class="MuiGrid-root MuiGrid-item MuiGrid-grid-xs-6 MuiGrid-grid-sm-4 MuiGrid-grid-md-3"
                    >
                      <div>
                        <div
                          class="emotion-16"
                        >
                          Rotten Tomatoes
                        </div>
                        <div
                          class="emotion-17"
                        >
                          35%
                           
                        </div>
                      </div>
                    </div>
                    <div
                      class="MuiGrid-root MuiGrid-item MuiGrid-grid-xs-6 MuiGrid-grid-sm-4 MuiGrid-grid-md-3"
                    >
                      <div>
                        <div
                          class="emotion-16"
                        >
                          Metacritic
                        </div>
                        <div
                          class="emotion-17"
                        >
                          42/100
                           
                        </div>
                      </div>
                    </div>
                    <div
                      class="MuiGrid-root MuiGrid-item MuiGrid-grid-xs-6 MuiGrid-grid-sm-4 MuiGrid-grid-md-3"
                    >
                      <div>
                        <div
                          class="emotion-16"
                        >
                          imdb
                        </div>
                        <div
                          class="emotion-17"
                        >
                          6.2
                           
                        </div>
                      </div>
                    </div>
                  </div>
                </div>
                <div />
                <div
                  class="emotion-5"
                >
                  <h3
                    class="emotion-15"
                  >
                    awards
                  </h3>
                  <div>
                    <div
                      class="emotion-42"
                    >
                      2011
                    </div>
                    <div
                      class="emotion-43"
                    >
                      oscar
                    </div>
                    <div
                      class="emotion-44"
                    >
                      <div>
                        <div
                          class="emotion-16"
                        >
                          nominee
                        </div>
                        <div
                          class="emotion-17"
                        >
                          SOUND EDITING
                           
                        </div>
                      </div>
                    </div>
                  </div>
                  <div>
                    <div
                      class="emotion-44"
                    >
                      <div>
                        <div
                          class="emotion-16"
                        >
                          nominee
                        </div>
                        <div
                          class="emotion-17"
                        >
                          SOUND MIXING
                           
                        </div>
                      </div>
                    </div>
                  </div>
                  <div>
                    <div
                      class="emotion-44"
                    >
                      <div>
                        <div
                          class="emotion-16"
                        >
                          nominee
                        </div>
                        <div
                          class="emotion-17"
                        >
                          VISUAL EFFECTS
                           
                        </div>
                      </div>
                    </div>
                  </div>
                </div>
                <div
                  class="emotion-5"
                >
                  <h3
                    class="emotion-15"
                  >
                    plot
                  </h3>
                  <div
                    class="emotion-55"
                  >
                    Autobots Bumblebee, Ratchet, Ironhide, Mirage (aka Dino), Wheeljack (aka Que) and Sideswipe led by Optimus Prime, are back in action taking on the evil Decepticons, who are eager to avenge their recent defeat. The Autobots and Decepticons become involved in a perilous space race between the United States and Russia to reach a hidden Cybertronian spacecraft on the moon and learn its secrets, and once again Sam Witwicky has to go to the aid of his robot friends. The new villain Shockwave is on the scene while the Autobots and Decepticons continue to battle it out on Earth.
                  </div>
                </div>
                <div
                  class="emotion-5"
                >
                  <span
                    class="emotion-57"
                  >
                    <h3
                      class="emotion-15"
                    >
                      directors
                      <span
                        class="emotion-59"
                      >
                         [
                        1
                        ]
                      </span>
                    </h3>
                  </span>
                  <div
                    class="MuiGrid-root MuiGrid-container"
                  >
                    <div
                      class="MuiGrid-root MuiGrid-item MuiGrid-grid-xs-12 MuiGrid-grid-sm-6 MuiGrid-grid-md-4"
                    >
                      <div>
                        <div
                          class="emotion-44"
                        >
                          Michael Bay
                        </div>
                      </div>
                    </div>
                  </div>
                </div>
                <div
                  class="emotion-5"
                >
                  <span
                    class="emotion-57"
                  >
                    <h3
                      class="emotion-15"
                    >
                      writers
                      <span
                        class="emotion-59"
                      >
                         [
                        1
                        ]
                      </span>
                    </h3>
                  </span>
                  <div
                    class="MuiGrid-root MuiGrid-container"
                  >
                    <div
                      class="MuiGrid-root MuiGrid-item MuiGrid-grid-xs-12 MuiGrid-grid-sm-6 MuiGrid-grid-md-4"
                    >
                      <div>
                        <div
                          class="emotion-44"
                        >
                          Ehren Kruger
                        </div>
                      </div>
                    </div>
                  </div>
                </div>
                <div />
                <div />
              </div>
            </div>
          </div>
        </div>
        <div
          class="MuiGrid-root MuiGrid-item MuiGrid-grid-xs-12 MuiGrid-grid-sm-12 MuiGrid-grid-md-3"
        >
          <div
            style="padding-left: 1rem; padding-right: 0.5rem;"
          >
            <div
              class="MuiPaper-root MuiPaper-elevation MuiPaper-rounded MuiPaper-elevation1 emotion-66"
            >
              <div
                class="emotion-67"
              >
                <div
                  class="emotion-68"
                >
                  See also
                </div>
                <div
                  class="emotion-69"
                >
                  <span
                    class="emotion-57"
                  >
                    Movie Awards
                  </span>
                </div>
                <div
                  class="emotion-69"
                >
                  <span
                    class="emotion-57"
                  >
                    Movies
                  </span>
                </div>
                <div
                  class="emotion-69"
                >
                  <span
                    class="emotion-57"
                  >
                    People
                  </span>
                </div>
                <div
                  class="emotion-69"
                >
                  <span
                    class="emotion-57"
                  >
                    Podcasts
                  </span>
                </div>
                <div
                  class="emotion-69"
                >
                  <span
                    class="emotion-57"
                  >
                    Music Podcasts
                  </span>
                </div>
              </div>
            </div>
          </div>
        </div>
      </div>
    </div>
  </div>
</div>
`;
