// Jest Snapshot v1, https://goo.gl/fbAQLP

exports[`PAGE_MOVIE compare against snapshot 1`] = `
<div>
  <div
    class="css-nen11g-MuiStack-root"
  >
    <div
      class="css-1exnf3f-MuiStack-root"
    >
      <div
        class="MuiGrid-root page-module MuiGrid-container"
      >
        <div
          class="MuiGrid-root MuiGrid-item MuiGrid-grid-xs-12 MuiGrid-grid-sm-12 MuiGrid-grid-md-9"
        >
          <div
            class="css-1n2z1i"
          >
            <div
              class="css-nen11g-MuiStack-root"
            >
              <div
                class="css-nen11g-MuiStack-root"
              >
                <div
                  class="css-t7ovy2"
                >
                  <div
                    style="height: 300px; width: 100%; background-color: rgb(51, 51, 51);"
                  >
                    <img
                      height="300"
                      src="https://m.media-amazon.com/images/M/MV5BMTkwOTY0MTc1NV5BMl5BanBnXkFtZTcwMDQwNjA2NQ@@._V1_SX300.jpg"
                    />
                  </div>
                </div>
                <div
                  class="css-m69qwo-MuiStack-root"
                >
                  <div
                    class="css-xomirm"
                  >
                    <div
                      class="MuiChip-root MuiChip-colorPrimary MuiChip-sizeSmall"
                    >
                      <span
                        class="MuiChip-label MuiChip-labelSmall"
                      >
                        movie
                      </span>
                    </div>
                  </div>
                  <div
                    class="css-m69qwo-MuiStack-root"
                  >
                    <div
                      class="css-xomirm"
                    >
                      <div
                        class="MuiChip-root MuiChip-colorPrimary MuiChip-outlined MuiChip-outlinedPrimary MuiChip-sizeSmall"
                      >
                        <span
                          class="MuiChip-label MuiChip-labelSmall"
                        >
                          action
                        </span>
                      </div>
                    </div>
                    <div
                      class="css-xomirm"
                    >
                      <div
                        class="MuiChip-root MuiChip-colorPrimary MuiChip-outlined MuiChip-outlinedPrimary MuiChip-sizeSmall"
                      >
                        <span
                          class="MuiChip-label MuiChip-labelSmall"
                        >
                          adventure
                        </span>
                      </div>
                    </div>
                    <div
                      class="css-xomirm"
                    >
                      <div
                        class="MuiChip-root MuiChip-colorPrimary MuiChip-outlined MuiChip-outlinedPrimary MuiChip-sizeSmall"
                      >
                        <span
                          class="MuiChip-label MuiChip-labelSmall"
                        >
                          sciFi
                        </span>
                      </div>
                    </div>
                  </div>
                </div>
                <div
                  class="css-t7ovy2"
                >
                  <h2
                    class="css-5975dz"
                  >
                    Transformers: Dark of the Moon
                  </h2>
                </div>
                <div
                  class="css-t7ovy2"
                >
                  <h3
                    class="css-1wsh0w7"
                  >
                    general information
                  </h3>
                  <div>
                    <div
                      class="css-1r75mpf"
                    >
                      Released
                    </div>
                    <div
                      class="css-bczp0b"
                    >
                      <span>
                        2011
                      </span>
                       
                    </div>
                  </div>
                  <div>
                    <div
                      class="css-1r75mpf"
                    >
                      Duration
                    </div>
                    <div
                      class="css-bczp0b"
                    >
                      154
                       
                      mins
                    </div>
                  </div>
                  <div>
                    <div
                      class="css-1r75mpf"
                    >
                      Classification
                    </div>
                    <div
                      class="css-bczp0b"
                    >
                      ?
                       
                    </div>
                  </div>
                  <div>
                    <div
                      class="css-1r75mpf"
                    >
                      Language
                    </div>
                    <div
                      class="css-bczp0b"
                    >
                      English
                       
                    </div>
                  </div>
                  <div>
                    <div
                      class="css-1r75mpf"
                    >
                      Production
                    </div>
                    <div
                      class="css-bczp0b"
                    >
                      Don Murphy/Tom DeSanto, Ian Bryce, Di Bonaventura Pictures
                       
                    </div>
                  </div>
                </div>
                <div
                  class="css-t7ovy2"
                >
                  <h3
                    class="css-1wsh0w7"
                  >
                    More information
                  </h3>
                  <div
                    class="css-m69qwo-MuiStack-root"
                  >
                    <a
                      href="https://www.imdb.com/title/tt1399103/"
                    >
                      <div
                        class="css-xomirm"
                      >
                        <div
                          class="MuiChip-root MuiChip-colorPrimary MuiChip-sizeSmall"
                        >
                          <span
                            class="MuiChip-label MuiChip-labelSmall"
                          >
                            IMDB
                          </span>
                        </div>
                      </div>
                    </a>
                  </div>
                </div>
                <div
                  class="css-t7ovy2"
                >
                  <h3
                    class="css-1wsh0w7"
                  >
                    Ratings
                  </h3>
                  <div
                    class="MuiGrid-root MuiGrid-container"
                  >
                    <div
                      class="MuiGrid-root MuiGrid-item MuiGrid-grid-xs-6 MuiGrid-grid-sm-4 MuiGrid-grid-md-3"
                    >
                      <div>
                        <div
                          class="css-1r75mpf"
                        >
                          Internet Movie Database
                        </div>
                        <div
                          class="css-bczp0b"
                        >
                          6.2/10
                           
                        </div>
                      </div>
                    </div>
                    <div
                      class="MuiGrid-root MuiGrid-item MuiGrid-grid-xs-6 MuiGrid-grid-sm-4 MuiGrid-grid-md-3"
                    >
                      <div>
                        <div
                          class="css-1r75mpf"
                        >
                          Rotten Tomatoes
                        </div>
                        <div
                          class="css-bczp0b"
                        >
                          35%
                           
                        </div>
                      </div>
                    </div>
                    <div
                      class="MuiGrid-root MuiGrid-item MuiGrid-grid-xs-6 MuiGrid-grid-sm-4 MuiGrid-grid-md-3"
                    >
                      <div>
                        <div
                          class="css-1r75mpf"
                        >
                          Metacritic
                        </div>
                        <div
                          class="css-bczp0b"
                        >
                          42/100
                           
                        </div>
                      </div>
                    </div>
                    <div
                      class="MuiGrid-root MuiGrid-item MuiGrid-grid-xs-6 MuiGrid-grid-sm-4 MuiGrid-grid-md-3"
                    >
                      <div>
                        <div
                          class="css-1r75mpf"
                        >
                          imdb
                        </div>
                        <div
                          class="css-bczp0b"
                        >
                          6.2
                           
                        </div>
                      </div>
                    </div>
                  </div>
                </div>
                <div />
                <div
                  class="css-t7ovy2"
                >
                  <h3
                    class="css-1wsh0w7"
                  >
                    awards
                  </h3>
                  <div>
                    <div
                      class="css-ducv1x"
                    >
                      2011
                    </div>
                    <div
                      class="css-7hekzn"
                    >
                      oscar
                    </div>
                    <div
                      class="css-1mtsvt9"
                    >
                      <div
                        class="css-olyig7"
                      >
                        <div
                          class="css-1cn7rqt"
                        >
                          nominee
                        </div>
                        <div
                          class="css-1xplqlt"
                        >
                          SOUND EDITING
                        </div>
                      </div>
                    </div>
                  </div>
                  <div>
                    <div
                      class="css-1mtsvt9"
                    >
                      <div
                        class="css-olyig7"
                      >
                        <div
                          class="css-1cn7rqt"
                        >
                          nominee
                        </div>
                        <div
                          class="css-1xplqlt"
                        >
                          SOUND MIXING
                        </div>
                      </div>
                    </div>
                  </div>
                  <div>
                    <div
                      class="css-1mtsvt9"
                    >
                      <div
                        class="css-olyig7"
                      >
                        <div
                          class="css-1cn7rqt"
                        >
                          nominee
                        </div>
                        <div
                          class="css-1xplqlt"
                        >
                          VISUAL EFFECTS
                        </div>
                      </div>
                    </div>
                  </div>
                </div>
                <div
                  class="css-t7ovy2"
                >
                  <h3
                    class="css-1wsh0w7"
                  >
                    plot
                  </h3>
                  <div
                    class="css-1avqrsh"
                  >
                    Autobots Bumblebee, Ratchet, Ironhide, Mirage (aka Dino), Wheeljack (aka Que) and Sideswipe led by Optimus Prime, are back in action taking on the evil Decepticons, who are eager to avenge their recent defeat. The Autobots and Decepticons become involved in a perilous space race between the United States and Russia to reach a hidden Cybertronian spacecraft on the moon and learn its secrets, and once again Sam Witwicky has to go to the aid of his robot friends. The new villain Shockwave is on the scene while the Autobots and Decepticons continue to battle it out on Earth.
                  </div>
                </div>
                <div
                  class="css-t7ovy2"
                >
                  <div
                    class="css-1mtsvt9"
                  >
                    <h3
                      class="css-1wsh0w7"
                    >
                      directors
                      <span
                        class="css-1p50162"
                      >
                         [
                        1
                        ]
                      </span>
                    </h3>
                  </div>
                  <div
                    class="MuiGrid-root MuiGrid-container"
                  >
                    <div
                      class="MuiGrid-root MuiGrid-item MuiGrid-grid-xs-12 MuiGrid-grid-sm-6 MuiGrid-grid-md-4"
                    >
                      <div>
                        <div
                          class="css-1mtsvt9"
                        >
                          <a
                            href="/people/nm0000881"
                          >
                            Michael Bay
                          </a>
                        </div>
                      </div>
                    </div>
                  </div>
                </div>
                <div
                  class="css-t7ovy2"
                >
                  <div
                    class="css-1mtsvt9"
                  >
                    <h3
                      class="css-1wsh0w7"
                    >
                      writers
                      <span
                        class="css-1p50162"
                      >
                         [
                        1
                        ]
                      </span>
                    </h3>
                  </div>
                  <div
                    class="MuiGrid-root MuiGrid-container"
                  >
                    <div
                      class="MuiGrid-root MuiGrid-item MuiGrid-grid-xs-12 MuiGrid-grid-sm-6 MuiGrid-grid-md-4"
                    >
                      <div>
                        <div
                          class="css-1mtsvt9"
                        >
                          <a
                            href="/people/nm0472567"
                          >
                            Ehren Kruger
                          </a>
                        </div>
                      </div>
                    </div>
                  </div>
                </div>
                <div />
                <div />
              </div>
            </div>
          </div>
        </div>
        <div
          class="MuiGrid-root MuiGrid-item MuiGrid-grid-xs-12 MuiGrid-grid-sm-12 MuiGrid-grid-md-3"
        >
          <div
            class="MuiPaper-root MuiPaper-elevation MuiPaper-rounded MuiPaper-elevation1 css-1ps6pg7-MuiPaper-root"
          >
            <div
              class="css-vcmx0t"
            >
              <div
                class="css-365mzx"
              >
                Stories
              </div>
            </div>
          </div>
        </div>
      </div>
    </div>
  </div>
</div>
`;
