// Jest Snapshot v1, https://goo.gl/fbAQLP

exports[`ABOUT-TECH compare Page against snapshot 1`] = `
.emotion-0 {
  display: -webkit-box;
  display: -webkit-flex;
  display: -ms-flexbox;
  display: flex;
  -webkit-flex-direction: column;
  -ms-flex-direction: column;
  flex-direction: column;
}

.emotion-1 {
  box-sizing: border-box;
  width: 100%;
  height: inherit;
  border-radius: 0;
  background: linear-gradient(60deg, #1976d2 75%, #000 150%);
  color: #fff;
}

@media (min-width:0px) {
  .emotion-1 {
    padding: 1.5rem 1.5rem 1.5rem 1.5rem;
  }
}

@media (min-width:600px) {
  .emotion-1 {
    padding: 2rem 3rem 2rem 3rem;
  }
}

@media (min-width:900px) {
  .emotion-1 {
    padding: 3rem 2.5rem 3rem 2.5rem;
  }
}

.emotion-3 {
  padding: 0 0 1rem 0;
  margin: 0;
}

.emotion-4 {
  font-size: 1rem;
  margin-bottom: 1rem;
}

.emotion-5 {
  display: -webkit-box;
  display: -webkit-flex;
  display: -ms-flexbox;
  display: flex;
  -webkit-flex-direction: column;
  -ms-flex-direction: column;
  flex-direction: column;
  font-size: 1rem;
}

@media (min-width:0px) {
  .emotion-5 {
    padding: 0rem 2rem 3rem 2rem;
  }
}

@media (min-width:600px) {
  .emotion-5 {
    padding: 0rem 2rem 3rem 2rem;
  }
}

@media (min-width:1200px) {
  .emotion-5 {
    padding: 0rem 4rem 3rem 4rem;
  }
}

.emotion-6 {
  padding: 0rem 0rem 4rem 0rem;
}

.emotion-8 {
  margin: 0 0 2rem 0;
  padding: 0;
  width: 100%;
}

.emotion-11 {
  display: table;
  width: 100%;
  border-collapse: collapse;
  border-spacing: 0;
}

.emotion-11 caption {
  font-family: "Roboto","Helvetica","Arial",sans-serif;
  font-weight: 400;
  font-size: 0.875rem;
  line-height: 1.43;
  letter-spacing: 0.01071em;
  padding: 16px;
  color: rgba(0, 0, 0, 0.6);
  text-align: left;
  caption-side: bottom;
}

.emotion-12 {
  display: table-header-group;
}

.emotion-13 {
  color: inherit;
  display: table-row;
  vertical-align: middle;
  outline: 0;
}

.emotion-13.MuiTableRow-hover:hover {
  background-color: rgba(0, 0, 0, 0.04);
}

.emotion-13.Mui-selected {
  background-color: rgba(25, 118, 210, 0.08);
}

.emotion-13.Mui-selected:hover {
  background-color: rgba(25, 118, 210, 0.12);
}

.emotion-13:nth-of-type(odd) {
  background-color: #42a5f5;
  color: #fff;
}

.emotion-13:last-child td,
.emotion-13:last-child th {
  border: 0;
}

.emotion-13:nth-of-type(odd):hover {
  background-color: #42a5f5;
  color: #fff;
}

.emotion-13:hover {
  background-color: #fff;
  color: #fff;
}

.emotion-14 {
  font-family: "Roboto","Helvetica","Arial",sans-serif;
  font-weight: 500;
  font-size: 0.875rem;
  line-height: 1.5rem;
  letter-spacing: 0.01071em;
  display: table-cell;
  vertical-align: inherit;
  border-bottom: 1px solid rgba(224, 224, 224, 1);
  text-align: left;
  padding: 16px;
  color: rgba(0, 0, 0, 0.87);
}

.emotion-14.MuiTableCell-head {
  background-color: #000;
  color: #fff;
}

.emotion-14.MuiTableCell-body {
  font-size: 0.75rem;
}

.emotion-21 {
  display: table-row-group;
}

.emotion-23 {
  font-family: "Roboto","Helvetica","Arial",sans-serif;
  font-weight: 400;
  font-size: 0.875rem;
  line-height: 1.43;
  letter-spacing: 0.01071em;
  display: table-cell;
  vertical-align: inherit;
  border-bottom: 1px solid rgba(224, 224, 224, 1);
  text-align: left;
  padding: 16px;
  color: rgba(0, 0, 0, 0.87);
}

.emotion-23.MuiTableCell-head {
  background-color: #000;
  color: #fff;
}

.emotion-23.MuiTableCell-body {
  font-size: 0.75rem;
}

.emotion-49 {
  display: -webkit-box;
  display: -webkit-flex;
  display: -ms-flexbox;
  display: flex;
  -webkit-flex-direction: row;
  -ms-flex-direction: row;
  flex-direction: row;
}

.emotion-49>:not(style)+:not(style) {
  margin: 0;
  margin-left: 16px;
}

.emotion-50 {
  background-color: #fff;
  color: rgba(0, 0, 0, 0.87);
  -webkit-transition: box-shadow 300ms cubic-bezier(0.4, 0, 0.2, 1) 0ms;
  transition: box-shadow 300ms cubic-bezier(0.4, 0, 0.2, 1) 0ms;
  border-radius: 4px;
  box-shadow: 0px 2px 1px -1px rgba(0,0,0,0.2),0px 1px 1px 0px rgba(0,0,0,0.14),0px 1px 3px 0px rgba(0,0,0,0.12);
}

.emotion-51 {
  color: rgba(0, 0, 0, 0.87);
  background-color: #fff;
  padding: 1rem;
}

.emotion-52 {
  font-size: 1.5rem;
  padding-bottom: 0.5rem;
  color: inherit;
}

.emotion-53 {
  font-size: 0.9rem;
  color: inherit;
}

.emotion-54 {
  cursor: pointer;
  color: inherit;
  background-color: transparent;
  -webkit-text-decoration: underline;
  text-decoration: underline;
  text-decoration-style: dotted;
  text-decoration-color: inherit;
  text-decoration-thickness: 1px;
  text-overflow: ellipsis;
  white-space: nowrap;
  overflow: hidden;
  display: inline-block;
  width: 100%;
}

<div>
  <div
    class="emotion-0"
  >
    <div
      style="margin-bottom: 2rem;"
    >
      <div
        class="com-layout-section section-0 MuiBox-root emotion-1"
      >
        <div
          class="emotion-0"
        >
          <h2
            class="emotion-3"
          >
            What about the code?
          </h2>
          <div
            class="emotion-4"
          >
            some details about the code, commits, LoC
          </div>
        </div>
      </div>
    </div>
    <div
      class="emotion-5"
    >
      <div
        class="MuiGrid-root page-module MuiGrid-container"
      >
        <div
          class="MuiGrid-root MuiGrid-item MuiGrid-grid-xs-12 MuiGrid-grid-sm-12 MuiGrid-grid-md-9"
        >
          <div
            class="emotion-6"
          >
            <div
              class="emotion-0"
            >
              <div
                class="emotion-8"
              >
                <div
                  class="emotion-0"
                >
                  <h2
                    class="emotion-3"
                  >
                    Lines of Code (LoC)
                  </h2>
                  <div
                    class="makeStyles-tableResponsive-11"
                  >
                    <table
                      class="MuiTable-root makeStyles-table-8 emotion-11"
                    >
                      <thead
                        class="MuiTableHead-root makeStyles-grayTableHeader-7 emotion-12"
                      >
                        <tr
                          class="MuiTableRow-root MuiTableRow-head makeStyles-tableHeadRow-12 emotion-13"
                        >
                          <th
                            class="MuiTableCell-root MuiTableCell-head MuiTableCell-sizeMedium makeStyles-tableCell-10 makeStyles-tableHeadCell-9 emotion-14"
                            scope="col"
                          >
                            area
                          </th>
                          <th
                            class="MuiTableCell-root MuiTableCell-head MuiTableCell-sizeMedium makeStyles-tableCell-10 makeStyles-tableHeadCell-9 emotion-14"
                            scope="col"
                          >
                            total files
                          </th>
                          <th
                            class="MuiTableCell-root MuiTableCell-head MuiTableCell-sizeMedium makeStyles-tableCell-10 makeStyles-tableHeadCell-9 emotion-14"
                            scope="col"
                          >
                            LoC
                          </th>
                          <th
                            class="MuiTableCell-root MuiTableCell-head MuiTableCell-sizeMedium makeStyles-tableCell-10 makeStyles-tableHeadCell-9 emotion-14"
                            scope="col"
                          >
                            node_modules
                          </th>
                          <th
                            class="MuiTableCell-root MuiTableCell-head MuiTableCell-sizeMedium makeStyles-tableCell-10 makeStyles-tableHeadCell-9 emotion-14"
                            scope="col"
                          >
                            LoC
                          </th>
                          <th
                            class="MuiTableCell-root MuiTableCell-head MuiTableCell-sizeMedium makeStyles-tableCell-10 makeStyles-tableHeadCell-9 emotion-14"
                            scope="col"
                          >
                            files
                          </th>
                          <th
                            class="MuiTableCell-root MuiTableCell-head MuiTableCell-sizeMedium makeStyles-tableCell-10 makeStyles-tableHeadCell-9 emotion-14"
                            scope="col"
                          >
                            LoC
                          </th>
                        </tr>
                      </thead>
                      <tbody
                        class="MuiTableBody-root emotion-21"
                      >
                        <tr
                          class="MuiTableRow-root makeStyles-tableBodyRow-13 emotion-13"
                          interactive="0"
                        >
                          <td
                            class="MuiTableCell-root MuiTableCell-body MuiTableCell-sizeMedium makeStyles-tableCell-10 emotion-23"
                          >
                            scripts
                          </td>
                          <td
                            class="MuiTableCell-root MuiTableCell-body MuiTableCell-sizeMedium makeStyles-tableCell-10 emotion-23"
                          >
                            11,593
                          </td>
                          <td
                            class="MuiTableCell-root MuiTableCell-body MuiTableCell-sizeMedium makeStyles-tableCell-10 emotion-23"
                          >
                            4,573,499
                          </td>
                          <td
                            class="MuiTableCell-root MuiTableCell-body MuiTableCell-sizeMedium makeStyles-tableCell-10 emotion-23"
                          >
                            11,490
                          </td>
                          <td
                            class="MuiTableCell-root MuiTableCell-body MuiTableCell-sizeMedium makeStyles-tableCell-10 emotion-23"
                          >
                            4,568,268
                          </td>
                          <td
                            class="MuiTableCell-root MuiTableCell-body MuiTableCell-sizeMedium makeStyles-tableCell-10 emotion-23"
                          >
                            103
                          </td>
                          <td
                            class="MuiTableCell-root MuiTableCell-body MuiTableCell-sizeMedium makeStyles-tableCell-10 emotion-23"
                          >
                            5,231
                          </td>
                        </tr>
                        <tr
                          class="MuiTableRow-root makeStyles-tableBodyRow-13 emotion-13"
                          interactive="0"
                        >
                          <td
                            class="MuiTableCell-root MuiTableCell-body MuiTableCell-sizeMedium makeStyles-tableCell-10 emotion-23"
                          >
                            client
                          </td>
                          <td
                            class="MuiTableCell-root MuiTableCell-body MuiTableCell-sizeMedium makeStyles-tableCell-10 emotion-23"
                          >
                            155,266
                          </td>
                          <td
                            class="MuiTableCell-root MuiTableCell-body MuiTableCell-sizeMedium makeStyles-tableCell-10 emotion-23"
                          >
                            5,886,715
                          </td>
                          <td
                            class="MuiTableCell-root MuiTableCell-body MuiTableCell-sizeMedium makeStyles-tableCell-10 emotion-23"
                          >
                            154,561
                          </td>
                          <td
                            class="MuiTableCell-root MuiTableCell-body MuiTableCell-sizeMedium makeStyles-tableCell-10 emotion-23"
                          >
                            5,799,630
                          </td>
                          <td
                            class="MuiTableCell-root MuiTableCell-body MuiTableCell-sizeMedium makeStyles-tableCell-10 emotion-23"
                          >
                            705
                          </td>
                          <td
                            class="MuiTableCell-root MuiTableCell-body MuiTableCell-sizeMedium makeStyles-tableCell-10 emotion-23"
                          >
                            87,085
                          </td>
                        </tr>
                        <tr
                          class="MuiTableRow-root makeStyles-tableBodyRow-13 emotion-13"
                          interactive="0"
                        >
                          <td
                            class="MuiTableCell-root MuiTableCell-body MuiTableCell-sizeMedium makeStyles-tableCell-10 emotion-23"
                          >
                            server
                          </td>
                          <td
                            class="MuiTableCell-root MuiTableCell-body MuiTableCell-sizeMedium makeStyles-tableCell-10 emotion-23"
                          >
                            10,883
                          </td>
                          <td
                            class="MuiTableCell-root MuiTableCell-body MuiTableCell-sizeMedium makeStyles-tableCell-10 emotion-23"
                          >
                            1,852,802
                          </td>
                          <td
                            class="MuiTableCell-root MuiTableCell-body MuiTableCell-sizeMedium makeStyles-tableCell-10 emotion-23"
                          >
                            10,729
                          </td>
                          <td
                            class="MuiTableCell-root MuiTableCell-body MuiTableCell-sizeMedium makeStyles-tableCell-10 emotion-23"
                          >
                            1,841,724
                          </td>
                          <td
                            class="MuiTableCell-root MuiTableCell-body MuiTableCell-sizeMedium makeStyles-tableCell-10 emotion-23"
                          >
                            154
                          </td>
                          <td
                            class="MuiTableCell-root MuiTableCell-body MuiTableCell-sizeMedium makeStyles-tableCell-10 emotion-23"
                          >
                            11,078
                          </td>
                        </tr>
                      </tbody>
                    </table>
                  </div>
                </div>
              </div>
              <div
                class="emotion-0"
              >
                <h2
                  class="emotion-3"
                >
                  CI/CD
                </h2>
                <div
                  class="emotion-4"
                >
                  <div>
                    number of commits
                  </div>
                  <div
                    class="emotion-49"
                  >
                    <span>
                      <div
                        class="makeStyles-card-22 makeStyles-cardHeader-17"
                        style="width: 130px;"
                      >
                        <div
                          class="makeStyles-cardHeader-26 makeStyles-primaryCardHeader-34 makeStyles-cardHeaderStats-28 makeStyles-cardHeaderIcon-29"
                        >
                          <p
                            class="makeStyles-cardCategory-18"
                          >
                            client
                          </p>
                          <h3
                            class="makeStyles-cardTitle-20"
                          >
                            <span>
                              245
                            </span>
                          </h3>
                        </div>
                      </div>
                    </span>
                    <span>
                      <div
                        class="makeStyles-card-22 makeStyles-cardHeader-17"
                        style="width: 130px;"
                      >
                        <div
                          class="makeStyles-cardHeader-26 makeStyles-primaryCardHeader-34 makeStyles-cardHeaderStats-28 makeStyles-cardHeaderIcon-29"
                        >
                          <p
                            class="makeStyles-cardCategory-18"
                          >
                            server
                          </p>
                          <h3
                            class="makeStyles-cardTitle-20"
                          >
                            <span>
                              86
                            </span>
                          </h3>
                        </div>
                      </div>
                    </span>
                  </div>
                </div>
              </div>
            </div>
          </div>
        </div>
        <div
          class="MuiGrid-root MuiGrid-item MuiGrid-grid-xs-12 MuiGrid-grid-sm-12 MuiGrid-grid-md-3"
        >
          <div
            style="padding-left: 1rem; padding-right: 0.5rem;"
          >
            <div
              class="MuiPaper-root MuiPaper-elevation MuiPaper-rounded MuiPaper-elevation1 emotion-50"
            >
              <div
                class="emotion-51"
              >
                <div
                  class="emotion-52"
                >
                  See also
                </div>
                <div
                  class="emotion-53"
                >
                  <a
                    href="/movies/stories/awards"
                    style="flex: 1; display: flex; width: 100%;"
                  >
                    <span
                      class="emotion-54"
                    >
                      Movie Awards
                    </span>
                  </a>
                </div>
                <div
                  class="emotion-53"
                >
                  <a
                    href="/movies/stories/remakes"
                    style="flex: 1; display: flex; width: 100%;"
                  >
                    <span
                      class="emotion-54"
                    >
                      Movie Remakes
                    </span>
                  </a>
                </div>
                <div
                  class="emotion-53"
                >
                  <a
                    href="/movies/stories/directors"
                    style="flex: 1; display: flex; width: 100%;"
                  >
                    <span
                      class="emotion-54"
                    >
                      Movie Directors
                    </span>
                  </a>
                </div>
                <div
                  class="emotion-53"
                >
                  <a
                    href="/movies/stories/producers"
                    style="flex: 1; display: flex; width: 100%;"
                  >
                    <span
                      class="emotion-54"
                    >
                      Movie Producers
                    </span>
                  </a>
                </div>
                <div
                  class="emotion-53"
                >
                  <a
                    href="/movies/stories/actors"
                    style="flex: 1; display: flex; width: 100%;"
                  >
                    <span
                      class="emotion-54"
                    >
                      Movie Actors
                    </span>
                  </a>
                </div>
              </div>
            </div>
          </div>
        </div>
      </div>
    </div>
  </div>
</div>
`;

exports[`ABOUT-TECH compare against snapshot 1`] = `
.emotion-0 {
  display: -webkit-box;
  display: -webkit-flex;
  display: -ms-flexbox;
  display: flex;
  -webkit-flex-direction: column;
  -ms-flex-direction: column;
  flex-direction: column;
}

.emotion-1 {
  padding: 0 0 1rem 0;
  margin: 0;
}

.emotion-2 {
  font-size: 1rem;
  margin-bottom: 1rem;
}

.emotion-3 {
  padding-top: 2rem;
}

.emotion-4 {
  display: -webkit-inline-box;
  display: -webkit-inline-flex;
  display: -ms-inline-flexbox;
  display: inline-flex;
  -webkit-align-items: center;
  -webkit-box-align: center;
  -ms-flex-align: center;
  align-items: center;
  -webkit-box-pack: center;
  -ms-flex-pack: center;
  -webkit-justify-content: center;
  justify-content: center;
  position: relative;
  box-sizing: border-box;
  -webkit-tap-highlight-color: transparent;
  background-color: transparent;
  outline: 0;
  border: 0;
  margin: 0;
  border-radius: 0;
  padding: 0;
  cursor: pointer;
  -webkit-user-select: none;
  -moz-user-select: none;
  -ms-user-select: none;
  user-select: none;
  vertical-align: middle;
  -moz-appearance: none;
  -webkit-appearance: none;
  -webkit-text-decoration: none;
  text-decoration: none;
  color: inherit;
  font-family: "Roboto","Helvetica","Arial",sans-serif;
  font-weight: 500;
  font-size: 0.9375rem;
  line-height: 1.75;
  letter-spacing: 0.02857em;
  text-transform: uppercase;
  min-width: 64px;
  padding: 8px 22px;
  border-radius: 4px;
  -webkit-transition: background-color 250ms cubic-bezier(0.4, 0, 0.2, 1) 0ms,box-shadow 250ms cubic-bezier(0.4, 0, 0.2, 1) 0ms,border-color 250ms cubic-bezier(0.4, 0, 0.2, 1) 0ms,color 250ms cubic-bezier(0.4, 0, 0.2, 1) 0ms;
  transition: background-color 250ms cubic-bezier(0.4, 0, 0.2, 1) 0ms,box-shadow 250ms cubic-bezier(0.4, 0, 0.2, 1) 0ms,border-color 250ms cubic-bezier(0.4, 0, 0.2, 1) 0ms,color 250ms cubic-bezier(0.4, 0, 0.2, 1) 0ms;
  color: #fff;
  background-color: #1976d2;
  box-shadow: 0px 3px 1px -2px rgba(0,0,0,0.2),0px 2px 2px 0px rgba(0,0,0,0.14),0px 1px 5px 0px rgba(0,0,0,0.12);
}

.emotion-4::-moz-focus-inner {
  border-style: none;
}

.emotion-4.Mui-disabled {
  pointer-events: none;
  cursor: default;
}

@media print {
  .emotion-4 {
    -webkit-print-color-adjust: exact;
    color-adjust: exact;
  }
}

.emotion-4:hover {
  -webkit-text-decoration: none;
  text-decoration: none;
  background-color: #1565c0;
  box-shadow: 0px 2px 4px -1px rgba(0,0,0,0.2),0px 4px 5px 0px rgba(0,0,0,0.14),0px 1px 10px 0px rgba(0,0,0,0.12);
}

@media (hover: none) {
  .emotion-4:hover {
    background-color: #1976d2;
  }
}

.emotion-4:active {
  box-shadow: 0px 5px 5px -3px rgba(0,0,0,0.2),0px 8px 10px 1px rgba(0,0,0,0.14),0px 3px 14px 2px rgba(0,0,0,0.12);
}

.emotion-4.Mui-focusVisible {
  box-shadow: 0px 3px 5px -1px rgba(0,0,0,0.2),0px 6px 10px 0px rgba(0,0,0,0.14),0px 1px 18px 0px rgba(0,0,0,0.12);
}

.emotion-4.Mui-disabled {
  color: rgba(0, 0, 0, 0.26);
  box-shadow: none;
  background-color: rgba(0, 0, 0, 0.12);
}

.emotion-5 {
  overflow: hidden;
  pointer-events: none;
  position: absolute;
  z-index: 0;
  top: 0;
  right: 0;
  bottom: 0;
  left: 0;
  border-radius: inherit;
}

<div>
  <div
    class="emotion-0"
  >
    <h2
      class="emotion-1"
    >
      What about the code?
    </h2>
    <div
      class="emotion-2"
    >
      some details about the code, commits, LoC
    </div>
    <div
      class="emotion-3"
    >
      <button
        class="MuiButton-root MuiButton-contained MuiButton-containedPrimary MuiButton-sizeLarge MuiButton-containedSizeLarge MuiButtonBase-root emotion-4"
        tabindex="0"
        type="button"
      >
        See all
        <span
          class="MuiTouchRipple-root emotion-5"
        />
      </button>
    </div>
  </div>
</div>
`;
