// Jest Snapshot v1, https://goo.gl/fbAQLP

exports[`Search Page compare against snapshot 1`] = `
.emotion-0 {
  display: -webkit-box;
  display: -webkit-flex;
  display: -ms-flexbox;
  display: flex;
  -webkit-flex-direction: column;
  -ms-flex-direction: column;
  flex-direction: column;
}

.emotion-1 {
  box-sizing: border-box;
  width: 100%;
  height: inherit;
  border-radius: 0;
  background: linear-gradient(60deg, #1976d2 75%, #000 150%);
  color: #fff;
}

@media (min-width:0px) {
  .emotion-1 {
    padding: 1.5rem 1.5rem 1.5rem 1.5rem;
  }
}

@media (min-width:600px) {
  .emotion-1 {
    padding: 2rem 3rem 2rem 3rem;
  }
}

@media (min-width:900px) {
  .emotion-1 {
    padding: 3rem 2.5rem 3rem 2.5rem;
  }
}

.emotion-3 {
  padding: 0 0 1rem 0;
  margin: 0;
}

.emotion-4 {
  font-size: 1rem;
  margin-bottom: 1rem;
}

.emotion-5 {
  display: -webkit-box;
  display: -webkit-flex;
  display: -ms-flexbox;
  display: flex;
  -webkit-flex-direction: column;
  -ms-flex-direction: column;
  flex-direction: column;
  font-size: 1rem;
}

@media (min-width:0px) {
  .emotion-5 {
    padding: 0rem 2rem 3rem 2rem;
  }
}

@media (min-width:600px) {
  .emotion-5 {
    padding: 0rem 2rem 3rem 2rem;
  }
}

@media (min-width:1200px) {
  .emotion-5 {
    padding: 0rem 4rem 3rem 4rem;
  }
}

.emotion-6 {
  box-sizing: border-box;
  display: -webkit-box;
  display: -webkit-flex;
  display: -ms-flexbox;
  display: flex;
  -webkit-box-flex-wrap: wrap;
  -webkit-flex-wrap: wrap;
  -ms-flex-wrap: wrap;
  flex-wrap: wrap;
  width: 100%;
  -webkit-flex-direction: row;
  -ms-flex-direction: row;
  flex-direction: row;
}

.emotion-7 {
  box-sizing: border-box;
  margin: 0;
  -webkit-flex-direction: row;
  -ms-flex-direction: row;
  flex-direction: row;
  -webkit-flex-basis: 100%;
  -ms-flex-preferred-size: 100%;
  flex-basis: 100%;
  -webkit-box-flex: 0;
  -webkit-flex-grow: 0;
  -ms-flex-positive: 0;
  flex-grow: 0;
  max-width: 100%;
}

@media (min-width:600px) {
  .emotion-7 {
    -webkit-flex-basis: 100%;
    -ms-flex-preferred-size: 100%;
    flex-basis: 100%;
    -webkit-box-flex: 0;
    -webkit-flex-grow: 0;
    -ms-flex-positive: 0;
    flex-grow: 0;
    max-width: 100%;
  }
}

@media (min-width:900px) {
  .emotion-7 {
    -webkit-flex-basis: 75%;
    -ms-flex-preferred-size: 75%;
    flex-basis: 75%;
    -webkit-box-flex: 0;
    -webkit-flex-grow: 0;
    -ms-flex-positive: 0;
    flex-grow: 0;
    max-width: 75%;
  }
}

.emotion-8 {
  padding: 0rem 0rem 4rem 0rem;
}

.emotion-10 {
  margin: 0 0 2rem 0;
  padding: 0;
  width: 100%;
}

.emotion-11 {
  font-size: 2.5rem;
  line-height: 2.5rem;
  padding: 0;
  margin: 0 0 0.75rem 0;
}

.emotion-13 {
  box-sizing: border-box;
  margin: 0;
  -webkit-flex-direction: row;
  -ms-flex-direction: row;
  flex-direction: row;
  -webkit-flex-basis: 100%;
  -ms-flex-preferred-size: 100%;
  flex-basis: 100%;
  -webkit-box-flex: 0;
  -webkit-flex-grow: 0;
  -ms-flex-positive: 0;
  flex-grow: 0;
  max-width: 100%;
}

@media (min-width:600px) {
  .emotion-13 {
    -webkit-flex-basis: 50%;
    -ms-flex-preferred-size: 50%;
    flex-basis: 50%;
    -webkit-box-flex: 0;
    -webkit-flex-grow: 0;
    -ms-flex-positive: 0;
    flex-grow: 0;
    max-width: 50%;
  }
}

@media (min-width:900px) {
  .emotion-13 {
    -webkit-flex-basis: 33.333333%;
    -ms-flex-preferred-size: 33.333333%;
    flex-basis: 33.333333%;
    -webkit-box-flex: 0;
    -webkit-flex-grow: 0;
    -ms-flex-positive: 0;
    flex-grow: 0;
    max-width: 33.333333%;
  }
}

.emotion-14 {
  cursor: pointer;
  display: -webkit-box;
  display: -webkit-flex;
  display: -ms-flexbox;
  display: flex;
  -webkit-box-flex: 1;
  -webkit-flex-grow: 1;
  -ms-flex-positive: 1;
  flex-grow: 1;
  width: 100%;
}

.emotion-15 {
  width: 100%;
  height: 7rem;
  padding: 1rem;
  color: #fff;
  background-color: #fff;
  background-image: url('/labs-client-web-react/app/img/ba_pro_act.jpg');
  margin: 0 2px 2px 0;
  display: -webkit-box;
  display: -webkit-flex;
  display: -ms-flexbox;
  display: flex;
  text-align: center;
  -webkit-box-pack: center;
  -ms-flex-pack: center;
  -webkit-justify-content: center;
  justify-content: center;
  -webkit-align-items: center;
  -webkit-box-align: center;
  -ms-flex-align: center;
  align-items: center;
  -webkit-flex: 1;
  -ms-flex: 1;
  flex: 1;
  font-size: 1.8rem;
  line-height: 2rem;
  text-transform: lowercase;
}

.emotion-88 {
  box-sizing: border-box;
  margin: 0;
  -webkit-flex-direction: row;
  -ms-flex-direction: row;
  flex-direction: row;
  -webkit-flex-basis: 100%;
  -ms-flex-preferred-size: 100%;
  flex-basis: 100%;
  -webkit-box-flex: 0;
  -webkit-flex-grow: 0;
  -ms-flex-positive: 0;
  flex-grow: 0;
  max-width: 100%;
}

@media (min-width:600px) {
  .emotion-88 {
    -webkit-flex-basis: 100%;
    -ms-flex-preferred-size: 100%;
    flex-basis: 100%;
    -webkit-box-flex: 0;
    -webkit-flex-grow: 0;
    -ms-flex-positive: 0;
    flex-grow: 0;
    max-width: 100%;
  }
}

@media (min-width:900px) {
  .emotion-88 {
    -webkit-flex-basis: 25%;
    -ms-flex-preferred-size: 25%;
    flex-basis: 25%;
    -webkit-box-flex: 0;
    -webkit-flex-grow: 0;
    -ms-flex-positive: 0;
    flex-grow: 0;
    max-width: 25%;
  }
}

.emotion-89 {
  background-color: #fff;
  color: rgba(0, 0, 0, 0.87);
  -webkit-transition: box-shadow 300ms cubic-bezier(0.4, 0, 0.2, 1) 0ms;
  transition: box-shadow 300ms cubic-bezier(0.4, 0, 0.2, 1) 0ms;
  border-radius: 4px;
  box-shadow: 0px 2px 1px -1px rgba(0,0,0,0.2),0px 1px 1px 0px rgba(0,0,0,0.14),0px 1px 3px 0px rgba(0,0,0,0.12);
}

.emotion-90 {
  color: rgba(0, 0, 0, 0.87);
  background-color: #fff;
  padding: 1rem;
}

.emotion-91 {
  font-size: 1.5rem;
  padding-bottom: 0.5rem;
  color: inherit;
}

.emotion-92 {
  font-size: 0.9rem;
  color: inherit;
}

.emotion-93 {
  cursor: pointer;
  color: inherit;
  background-color: transparent;
  -webkit-text-decoration: underline;
  text-decoration: underline;
  text-decoration-style: dotted;
  text-decoration-color: inherit;
  text-decoration-thickness: 1px;
  text-overflow: ellipsis;
  white-space: nowrap;
  overflow: hidden;
  display: inline-block;
  width: 100%;
}

<div>
  <div
    class="emotion-0"
  >
    <div
      style="margin-bottom: 2rem;"
    >
      <div
        class="com-layout-section section-0 MuiBox-root emotion-1"
      >
        <div
          class="emotion-0"
        >
          <h2
            class="emotion-3"
          >
            Stories
          </h2>
          <div
            class="emotion-4"
          >
            a list of stories about the data
          </div>
        </div>
      </div>
    </div>
    <div
      class="emotion-5"
    >
      <div
        class="MuiGrid-root MuiGrid-container page-module emotion-6"
      >
        <div
          class="MuiGrid-root MuiGrid-item MuiGrid-grid-xs-12 MuiGrid-grid-sm-12 MuiGrid-grid-md-9 emotion-7"
        >
          <div
            class="emotion-8"
          >
            <div
              class="emotion-0"
            >
              <div
                class="emotion-10"
              >
                <h2
                  class="emotion-11"
                >
                  movies
                </h2>
                <div
                  class="MuiGrid-root MuiGrid-container emotion-6"
                >
                  <div
                    class="MuiGrid-root MuiGrid-item MuiGrid-grid-xs-12 MuiGrid-grid-sm-6 MuiGrid-grid-md-4 emotion-13"
                  >
                    <a
                      href="/movies/stories/awards"
                      style="flex: 1; display: flex; width: 100%;"
                    >
                      <div
                        class="emotion-14"
                      >
                        <div
                          class="emotion-15"
                          img="/img/ba_pro_act.jpg"
                        >
                          Movie Awards
                        </div>
                      </div>
                    </a>
                  </div>
                  <div
                    class="MuiGrid-root MuiGrid-item MuiGrid-grid-xs-12 MuiGrid-grid-sm-6 MuiGrid-grid-md-4 emotion-13"
                  >
                    <a
                      href="/movies/stories/remakes"
                      style="flex: 1; display: flex; width: 100%;"
                    >
                      <div
                        class="emotion-14"
                      >
                        <div
                          class="emotion-15"
                          img="/img/ba_pro_act.jpg"
                        >
                          Movie Remakes
                        </div>
                      </div>
                    </a>
                  </div>
                  <div
                    class="MuiGrid-root MuiGrid-item MuiGrid-grid-xs-12 MuiGrid-grid-sm-6 MuiGrid-grid-md-4 emotion-13"
                  >
                    <a
                      href="/movies/stories/directors"
                      style="flex: 1; display: flex; width: 100%;"
                    >
                      <div
                        class="emotion-14"
                      >
                        <div
                          class="emotion-15"
                          img="/img/ba_pro_act.jpg"
                        >
                          Movie Directors
                        </div>
                      </div>
                    </a>
                  </div>
                  <div
                    class="MuiGrid-root MuiGrid-item MuiGrid-grid-xs-12 MuiGrid-grid-sm-6 MuiGrid-grid-md-4 emotion-13"
                  >
                    <a
                      href="/movies/stories/producers"
                      style="flex: 1; display: flex; width: 100%;"
                    >
                      <div
                        class="emotion-14"
                      >
                        <div
                          class="emotion-15"
                          img="/img/ba_pro_act.jpg"
                        >
                          Movie Producers
                        </div>
                      </div>
                    </a>
                  </div>
                  <div
                    class="MuiGrid-root MuiGrid-item MuiGrid-grid-xs-12 MuiGrid-grid-sm-6 MuiGrid-grid-md-4 emotion-13"
                  >
                    <a
                      href="/movies/stories/actors"
                      style="flex: 1; display: flex; width: 100%;"
                    >
                      <div
                        class="emotion-14"
                      >
                        <div
                          class="emotion-15"
                          img="/img/ba_pro_act.jpg"
                        >
                          Movie Actors
                        </div>
                      </div>
                    </a>
                  </div>
                  <div
                    class="MuiGrid-root MuiGrid-item MuiGrid-grid-xs-12 MuiGrid-grid-sm-6 MuiGrid-grid-md-4 emotion-13"
                  >
                    <a
                      href="/movies/stories/writers"
                      style="flex: 1; display: flex; width: 100%;"
                    >
                      <div
                        class="emotion-14"
                      >
                        <div
                          class="emotion-15"
                          img="/img/ba_pro_act.jpg"
                        >
                          Movie Writers
                        </div>
                      </div>
                    </a>
                  </div>
                  <div
                    class="MuiGrid-root MuiGrid-item MuiGrid-grid-xs-12 MuiGrid-grid-sm-6 MuiGrid-grid-md-4 emotion-13"
                  >
                    <a
                      href="/movies"
                      style="flex: 1; display: flex; width: 100%;"
                    >
                      <div
                        class="emotion-14"
                      >
                        <div
                          class="emotion-15"
                          img="/img/ba_pro_act.jpg"
                        >
                          Movies Dashboard
                        </div>
                      </div>
                    </a>
                  </div>
                  <div
                    class="MuiGrid-root MuiGrid-item MuiGrid-grid-xs-12 MuiGrid-grid-sm-6 MuiGrid-grid-md-4 emotion-13"
                  >
                    <a
                      href="/movies/festivals"
                      style="flex: 1; display: flex; width: 100%;"
                    >
                      <div
                        class="emotion-14"
                      >
                        <div
                          class="emotion-15"
                          img="/img/ba_pro_act.jpg"
                        >
                          Festivals Dashboard
                        </div>
                      </div>
                    </a>
                  </div>
                </div>
              </div>
              <div
                class="emotion-10"
              >
                <h2
                  class="emotion-11"
                >
                  people
                </h2>
                <div
                  class="MuiGrid-root MuiGrid-container emotion-6"
                >
                  <div
                    class="MuiGrid-root MuiGrid-item MuiGrid-grid-xs-12 MuiGrid-grid-sm-6 MuiGrid-grid-md-4 emotion-13"
                  >
                    <a
                      href="/people"
                      style="flex: 1; display: flex; width: 100%;"
                    >
                      <div
                        class="emotion-14"
                      >
                        <div
                          class="emotion-15"
                          img="/img/ba_pro_act.jpg"
                        >
                          People Dashboard
                        </div>
                      </div>
                    </a>
                  </div>
                </div>
              </div>
              <div
                class="emotion-10"
              >
                <h2
                  class="emotion-11"
                >
                  podcasts
                </h2>
                <div
                  class="MuiGrid-root MuiGrid-container emotion-6"
                >
                  <div
                    class="MuiGrid-root MuiGrid-item MuiGrid-grid-xs-12 MuiGrid-grid-sm-6 MuiGrid-grid-md-4 emotion-13"
                  >
                    <a
                      href="/podcasts"
                      style="flex: 1; display: flex; width: 100%;"
                    >
                      <div
                        class="emotion-14"
                      >
                        <div
                          class="emotion-15"
                          img="/img/ba_pro_act.jpg"
                        >
                          Podcasts Dashboard
                        </div>
                      </div>
                    </a>
                  </div>
                  <div
                    class="MuiGrid-root MuiGrid-item MuiGrid-grid-xs-12 MuiGrid-grid-sm-6 MuiGrid-grid-md-4 emotion-13"
                  >
                    <a
                      href="/podcasts/stories/music"
                      style="flex: 1; display: flex; width: 100%;"
                    >
                      <div
                        class="emotion-14"
                      >
                        <div
                          class="emotion-15"
                          img="/img/ba_pro_act.jpg"
                        >
                          Music Podcasts
                        </div>
                      </div>
                    </a>
                  </div>
                </div>
              </div>
              <div
                class="emotion-10"
              >
                <h2
                  class="emotion-11"
                >
                  music
                </h2>
                <div
                  class="MuiGrid-root MuiGrid-container emotion-6"
                >
                  <div
                    class="MuiGrid-root MuiGrid-item MuiGrid-grid-xs-12 MuiGrid-grid-sm-6 MuiGrid-grid-md-4 emotion-13"
                  >
                    <a
                      href="/podcasts/stories/music"
                      style="flex: 1; display: flex; width: 100%;"
                    >
                      <div
                        class="emotion-14"
                      >
                        <div
                          class="emotion-15"
                          img="/img/ba_pro_act.jpg"
                        >
                          Music Podcasts
                        </div>
                      </div>
                    </a>
                  </div>
                </div>
              </div>
              <div
                class="emotion-10"
              >
                <h2
                  class="emotion-11"
                >
                  tv-shows
                </h2>
                <div
                  class="MuiGrid-root MuiGrid-container emotion-6"
                >
                  <div
                    class="MuiGrid-root MuiGrid-item MuiGrid-grid-xs-12 MuiGrid-grid-sm-6 MuiGrid-grid-md-4 emotion-13"
                  >
                    <a
                      href="/tv-shows"
                      style="flex: 1; display: flex; width: 100%;"
                    >
                      <div
                        class="emotion-14"
                      >
                        <div
                          class="emotion-15"
                          img="/img/ba_pro_act.jpg"
                        >
                          TV Shows Dashboard
                        </div>
                      </div>
                    </a>
                  </div>
                  <div
                    class="MuiGrid-root MuiGrid-item MuiGrid-grid-xs-12 MuiGrid-grid-sm-6 MuiGrid-grid-md-4 emotion-13"
                  >
                    <a
                      href="/tv-shows/stories/remakes"
                      style="flex: 1; display: flex; width: 100%;"
                    >
                      <div
                        class="emotion-14"
                      >
                        <div
                          class="emotion-15"
                          img="/img/ba_pro_act.jpg"
                        >
                          TV Shows Remakes
                        </div>
                      </div>
                    </a>
                  </div>
                  <div
                    class="MuiGrid-root MuiGrid-item MuiGrid-grid-xs-12 MuiGrid-grid-sm-6 MuiGrid-grid-md-4 emotion-13"
                  >
                    <a
                      href="/tv-shows/stories/directors"
                      style="flex: 1; display: flex; width: 100%;"
                    >
                      <div
                        class="emotion-14"
                      >
                        <div
                          class="emotion-15"
                          img="/img/ba_pro_act.jpg"
                        >
                          TV Shows Directors
                        </div>
                      </div>
                    </a>
                  </div>
                  <div
                    class="MuiGrid-root MuiGrid-item MuiGrid-grid-xs-12 MuiGrid-grid-sm-6 MuiGrid-grid-md-4 emotion-13"
                  >
                    <a
                      href="/tv-shows/stories/writers"
                      style="flex: 1; display: flex; width: 100%;"
                    >
                      <div
                        class="emotion-14"
                      >
                        <div
                          class="emotion-15"
                          img="/img/ba_pro_act.jpg"
                        >
                          TV Shows Writers
                        </div>
                      </div>
                    </a>
                  </div>
                  <div
                    class="MuiGrid-root MuiGrid-item MuiGrid-grid-xs-12 MuiGrid-grid-sm-6 MuiGrid-grid-md-4 emotion-13"
                  >
                    <a
                      href="/tv-shows/stories/actors"
                      style="flex: 1; display: flex; width: 100%;"
                    >
                      <div
                        class="emotion-14"
                      >
                        <div
                          class="emotion-15"
                          img="/img/ba_pro_act.jpg"
                        >
                          TV Shows Actors
                        </div>
                      </div>
                    </a>
                  </div>
                </div>
              </div>
              <div
                class="emotion-10"
              >
                <h2
                  class="emotion-11"
                >
                  video-games
                </h2>
                <div
                  class="MuiGrid-root MuiGrid-container emotion-6"
                >
                  <div
                    class="MuiGrid-root MuiGrid-item MuiGrid-grid-xs-12 MuiGrid-grid-sm-6 MuiGrid-grid-md-4 emotion-13"
                  >
                    <a
                      href="/video-games"
                      style="flex: 1; display: flex; width: 100%;"
                    >
                      <div
                        class="emotion-14"
                      >
                        <div
                          class="emotion-15"
                          img="/img/ba_pro_act.jpg"
                        >
                          Video Games Dashboard
                        </div>
                      </div>
                    </a>
                  </div>
                </div>
              </div>
              <div
                class="emotion-10"
              >
                <h2
                  class="emotion-11"
                >
                  festivals
                </h2>
                <div
                  class="MuiGrid-root MuiGrid-container emotion-6"
                >
                  <div
                    class="MuiGrid-root MuiGrid-item MuiGrid-grid-xs-12 MuiGrid-grid-sm-6 MuiGrid-grid-md-4 emotion-13"
                  >
                    <a
                      href="/movies/festivals"
                      style="flex: 1; display: flex; width: 100%;"
                    >
                      <div
                        class="emotion-14"
                      >
                        <div
                          class="emotion-15"
                          img="/img/ba_pro_act.jpg"
                        >
                          Festivals Dashboard
                        </div>
                      </div>
                    </a>
                  </div>
                </div>
              </div>
            </div>
          </div>
        </div>
        <div
          class="MuiGrid-root MuiGrid-item MuiGrid-grid-xs-12 MuiGrid-grid-sm-12 MuiGrid-grid-md-3 emotion-88"
        >
          <div
            style="padding-left: 1rem; padding-right: 0.5rem;"
          >
            <div
              class="MuiPaper-root MuiPaper-elevation MuiPaper-rounded MuiPaper-elevation1 emotion-89"
            >
              <div
                class="emotion-90"
              >
                <div
                  class="emotion-91"
                >
                  See also
                </div>
                <div
                  class="emotion-92"
                >
                  <a
                    href="/movies/stories/awards"
                    style="flex: 1; display: flex; width: 100%;"
                  >
                    <span
                      class="emotion-93"
                    >
                      Movie Awards
                    </span>
                  </a>
                </div>
                <div
                  class="emotion-92"
                >
                  <a
                    href="/movies/stories/remakes"
                    style="flex: 1; display: flex; width: 100%;"
                  >
                    <span
                      class="emotion-93"
                    >
                      Movie Remakes
                    </span>
                  </a>
                </div>
                <div
                  class="emotion-92"
                >
                  <a
                    href="/movies/stories/directors"
                    style="flex: 1; display: flex; width: 100%;"
                  >
                    <span
                      class="emotion-93"
                    >
                      Movie Directors
                    </span>
                  </a>
                </div>
                <div
                  class="emotion-92"
                >
                  <a
                    href="/movies/stories/producers"
                    style="flex: 1; display: flex; width: 100%;"
                  >
                    <span
                      class="emotion-93"
                    >
                      Movie Producers
                    </span>
                  </a>
                </div>
                <div
                  class="emotion-92"
                >
                  <a
                    href="/movies/stories/actors"
                    style="flex: 1; display: flex; width: 100%;"
                  >
                    <span
                      class="emotion-93"
                    >
                      Movie Actors
                    </span>
                  </a>
                </div>
              </div>
            </div>
          </div>
        </div>
      </div>
    </div>
  </div>
</div>
`;
