// Jest Snapshot v1, https://goo.gl/fbAQLP

exports[`ABOUT-PROJECT-SITEMAP compare Page against snapshot 1`] = `
<div>
  <div
    class="css-nen11g-MuiStack-root"
  >
    <div
      style="margin-bottom: 2rem;"
    >
      <div
        class="com-layout-section section-0 MuiBox-root css-acq1iu"
      >
        <div
          class="css-nen11g-MuiStack-root"
        >
          <h2
            class="css-1brxzin"
          >
            Sitemap
          </h2>
          <div
            class="css-cpn9zx"
          >
            are you lost or looking for something?
          </div>
        </div>
      </div>
    </div>
    <div
      class="css-1exnf3f-MuiStack-root"
    >
      <div
        class="MuiGrid-root page-module MuiGrid-container"
      >
        <div
          class="MuiGrid-root MuiGrid-item MuiGrid-grid-xs-12 MuiGrid-grid-sm-12 MuiGrid-grid-md-9"
        >
          <div
            class="css-1djxhuv"
          >
            <div
              class="css-nen11g-MuiStack-root"
            >
              <div
                class="css-nen11g-MuiStack-root"
              >
                <ul
                  aria-label="file system navigator"
                  aria-multiselectable="false"
                  class="MuiTreeView-root css-2cq9xd-MuiTreeView-root"
                  id="mui-162646442"
                  role="tree"
                  tabindex="0"
                >
                  <li
                    aria-expanded="true"
                    class="MuiTreeItem-root css-16alkdk-MuiTreeItem-root"
                    id="mui-162646442-0"
                    role="treeitem"
                    tabindex="-1"
                  >
                    <div
                      class="css-1g86id8-MuiTreeItem-content MuiTreeItem-content Mui-expanded"
                    >
                      <div
                        class="MuiTreeItem-iconContainer"
                      >
                        <svg
                          aria-hidden="true"
                          class="MuiSvgIcon-root MuiSvgIcon-fontSizeMedium css-i4bv87-MuiSvgIcon-root"
                          data-testid="ExpandMoreIcon"
                          focusable="false"
                          viewBox="0 0 24 24"
                        >
                          <path
                            d="M16.59 8.59 12 13.17 7.41 8.59 6 10l6 6 6-6z"
                          />
                        </svg>
                      </div>
                      <div
                        class="MuiTreeItem-label"
                      >
                        <span
                          class="css-pt399b"
                        >
                          home
                        </span>
                      </div>
                    </div>
                    <ul
                      class="MuiCollapse-root MuiCollapse-vertical MuiTreeItem-group MuiCollapse-entered css-g0jugy-MuiCollapse-root-MuiTreeItem-group"
                      role="group"
                      style="min-height: 0px;"
                    >
                      <div
                        class="MuiCollapse-wrapper MuiCollapse-vertical css-smkl36-MuiCollapse-wrapper"
                      >
                        <div
                          class="MuiCollapse-wrapperInner MuiCollapse-vertical css-9l5vo-MuiCollapse-wrapperInner"
                        >
                          <li
                            aria-expanded="true"
                            class="MuiTreeItem-root css-16alkdk-MuiTreeItem-root"
                            id="mui-162646442-1"
                            role="treeitem"
                            tabindex="-1"
                          >
                            <div
                              class="css-1g86id8-MuiTreeItem-content MuiTreeItem-content Mui-expanded"
                            >
                              <div
                                class="MuiTreeItem-iconContainer"
                              >
                                <svg
                                  aria-hidden="true"
                                  class="MuiSvgIcon-root MuiSvgIcon-fontSizeMedium css-i4bv87-MuiSvgIcon-root"
                                  data-testid="ExpandMoreIcon"
                                  focusable="false"
                                  viewBox="0 0 24 24"
                                >
                                  <path
                                    d="M16.59 8.59 12 13.17 7.41 8.59 6 10l6 6 6-6z"
                                  />
                                </svg>
                              </div>
                              <div
                                class="MuiTreeItem-label"
                              >
                                <span
                                  class="css-pt399b"
                                >
                                  about
                                </span>
                              </div>
                            </div>
                            <ul
                              class="MuiCollapse-root MuiCollapse-vertical MuiTreeItem-group MuiCollapse-entered css-g0jugy-MuiCollapse-root-MuiTreeItem-group"
                              role="group"
                              style="min-height: 0px;"
                            >
                              <div
                                class="MuiCollapse-wrapper MuiCollapse-vertical css-smkl36-MuiCollapse-wrapper"
                              >
                                <div
                                  class="MuiCollapse-wrapperInner MuiCollapse-vertical css-9l5vo-MuiCollapse-wrapperInner"
                                >
                                  <li
                                    class="MuiTreeItem-root css-16alkdk-MuiTreeItem-root"
                                    id="mui-162646442-2"
                                    role="treeitem"
                                    tabindex="-1"
                                  >
                                    <div
                                      class="css-1g86id8-MuiTreeItem-content MuiTreeItem-content Mui-expanded"
                                    >
                                      <div
                                        class="MuiTreeItem-iconContainer"
                                      />
                                      <div
                                        class="MuiTreeItem-label"
                                      >
                                        <span
                                          class="css-pt399b"
                                        >
                                          data
                                        </span>
                                      </div>
                                    </div>
                                    <ul
                                      class="MuiCollapse-root MuiCollapse-vertical MuiTreeItem-group MuiCollapse-entered css-g0jugy-MuiCollapse-root-MuiTreeItem-group"
                                      role="group"
                                      style="min-height: 0px;"
                                    >
                                      <div
                                        class="MuiCollapse-wrapper MuiCollapse-vertical css-smkl36-MuiCollapse-wrapper"
                                      >
                                        <div
                                          class="MuiCollapse-wrapperInner MuiCollapse-vertical css-9l5vo-MuiCollapse-wrapperInner"
                                        />
                                      </div>
                                    </ul>
                                  </li>
                                  <li
                                    class="MuiTreeItem-root css-16alkdk-MuiTreeItem-root"
                                    id="mui-162646442-3"
                                    role="treeitem"
                                    tabindex="-1"
                                  >
                                    <div
                                      class="css-1g86id8-MuiTreeItem-content MuiTreeItem-content Mui-expanded"
                                    >
                                      <div
                                        class="MuiTreeItem-iconContainer"
                                      />
                                      <div
                                        class="MuiTreeItem-label"
                                      >
                                        <span
                                          class="css-pt399b"
                                        >
                                          project
                                        </span>
                                      </div>
                                    </div>
                                    <ul
                                      class="MuiCollapse-root MuiCollapse-vertical MuiTreeItem-group MuiCollapse-entered css-g0jugy-MuiCollapse-root-MuiTreeItem-group"
                                      role="group"
                                      style="min-height: 0px;"
                                    >
                                      <div
                                        class="MuiCollapse-wrapper MuiCollapse-vertical css-smkl36-MuiCollapse-wrapper"
                                      >
                                        <div
                                          class="MuiCollapse-wrapperInner MuiCollapse-vertical css-9l5vo-MuiCollapse-wrapperInner"
                                        />
                                      </div>
                                    </ul>
                                  </li>
                                  <li
                                    class="MuiTreeItem-root css-16alkdk-MuiTreeItem-root"
                                    id="mui-162646442-4"
                                    role="treeitem"
                                    tabindex="-1"
                                  >
                                    <div
                                      class="css-1g86id8-MuiTreeItem-content MuiTreeItem-content Mui-expanded"
                                    >
                                      <div
                                        class="MuiTreeItem-iconContainer"
                                      />
                                      <div
                                        class="MuiTreeItem-label"
                                      >
                                        <span
                                          class="css-pt399b"
                                        >
                                          tech
                                        </span>
                                      </div>
                                    </div>
                                    <ul
                                      class="MuiCollapse-root MuiCollapse-vertical MuiTreeItem-group MuiCollapse-entered css-g0jugy-MuiCollapse-root-MuiTreeItem-group"
                                      role="group"
                                      style="min-height: 0px;"
                                    >
                                      <div
                                        class="MuiCollapse-wrapper MuiCollapse-vertical css-smkl36-MuiCollapse-wrapper"
                                      >
                                        <div
                                          class="MuiCollapse-wrapperInner MuiCollapse-vertical css-9l5vo-MuiCollapse-wrapperInner"
                                        />
                                      </div>
                                    </ul>
                                  </li>
                                  <li
                                    class="MuiTreeItem-root css-16alkdk-MuiTreeItem-root"
                                    id="mui-162646442-5"
                                    role="treeitem"
                                    tabindex="-1"
                                  >
                                    <div
                                      class="css-1g86id8-MuiTreeItem-content MuiTreeItem-content Mui-expanded"
                                    >
                                      <div
                                        class="MuiTreeItem-iconContainer"
                                      />
                                      <div
                                        class="MuiTreeItem-label"
                                      >
                                        <span
                                          class="css-pt399b"
                                        >
                                          timeline
                                        </span>
                                      </div>
                                    </div>
                                    <ul
                                      class="MuiCollapse-root MuiCollapse-vertical MuiTreeItem-group MuiCollapse-entered css-g0jugy-MuiCollapse-root-MuiTreeItem-group"
                                      role="group"
                                      style="min-height: 0px;"
                                    >
                                      <div
                                        class="MuiCollapse-wrapper MuiCollapse-vertical css-smkl36-MuiCollapse-wrapper"
                                      >
                                        <div
                                          class="MuiCollapse-wrapperInner MuiCollapse-vertical css-9l5vo-MuiCollapse-wrapperInner"
                                        />
                                      </div>
                                    </ul>
                                  </li>
                                </div>
                              </div>
                            </ul>
                          </li>
                          <li
                            aria-expanded="true"
                            class="MuiTreeItem-root css-16alkdk-MuiTreeItem-root"
                            id="mui-162646442-6"
                            role="treeitem"
                            tabindex="-1"
                          >
                            <div
                              class="css-1g86id8-MuiTreeItem-content MuiTreeItem-content Mui-expanded"
                            >
                              <div
                                class="MuiTreeItem-iconContainer"
                              >
                                <svg
                                  aria-hidden="true"
                                  class="MuiSvgIcon-root MuiSvgIcon-fontSizeMedium css-i4bv87-MuiSvgIcon-root"
                                  data-testid="ExpandMoreIcon"
                                  focusable="false"
                                  viewBox="0 0 24 24"
                                >
                                  <path
                                    d="M16.59 8.59 12 13.17 7.41 8.59 6 10l6 6 6-6z"
                                  />
                                </svg>
                              </div>
                              <div
                                class="MuiTreeItem-label"
                              >
                                <span
                                  class="css-pt399b"
                                >
                                  movies
                                </span>
                              </div>
                            </div>
                            <ul
                              class="MuiCollapse-root MuiCollapse-vertical MuiTreeItem-group MuiCollapse-entered css-g0jugy-MuiCollapse-root-MuiTreeItem-group"
                              role="group"
                              style="min-height: 0px;"
                            >
                              <div
                                class="MuiCollapse-wrapper MuiCollapse-vertical css-smkl36-MuiCollapse-wrapper"
                              >
                                <div
                                  class="MuiCollapse-wrapperInner MuiCollapse-vertical css-9l5vo-MuiCollapse-wrapperInner"
                                />
                              </div>
                            </ul>
                          </li>
                          <li
                            aria-expanded="true"
                            class="MuiTreeItem-root css-16alkdk-MuiTreeItem-root"
                            id="mui-162646442-7"
                            role="treeitem"
                            tabindex="-1"
                          >
                            <div
                              class="css-1g86id8-MuiTreeItem-content MuiTreeItem-content Mui-expanded"
                            >
                              <div
                                class="MuiTreeItem-iconContainer"
                              >
                                <svg
                                  aria-hidden="true"
                                  class="MuiSvgIcon-root MuiSvgIcon-fontSizeMedium css-i4bv87-MuiSvgIcon-root"
                                  data-testid="ExpandMoreIcon"
                                  focusable="false"
                                  viewBox="0 0 24 24"
                                >
                                  <path
                                    d="M16.59 8.59 12 13.17 7.41 8.59 6 10l6 6 6-6z"
                                  />
                                </svg>
                              </div>
                              <div
                                class="MuiTreeItem-label"
                              >
                                <span
                                  class="css-pt399b"
                                >
                                  tv-shows
                                </span>
                              </div>
                            </div>
                            <ul
                              class="MuiCollapse-root MuiCollapse-vertical MuiTreeItem-group MuiCollapse-entered css-g0jugy-MuiCollapse-root-MuiTreeItem-group"
                              role="group"
                              style="min-height: 0px;"
                            >
                              <div
                                class="MuiCollapse-wrapper MuiCollapse-vertical css-smkl36-MuiCollapse-wrapper"
                              >
                                <div
                                  class="MuiCollapse-wrapperInner MuiCollapse-vertical css-9l5vo-MuiCollapse-wrapperInner"
                                />
                              </div>
                            </ul>
                          </li>
                          <li
                            aria-expanded="true"
                            class="MuiTreeItem-root css-16alkdk-MuiTreeItem-root"
                            id="mui-162646442-8"
                            role="treeitem"
                            tabindex="-1"
                          >
                            <div
                              class="css-1g86id8-MuiTreeItem-content MuiTreeItem-content Mui-expanded"
                            >
                              <div
                                class="MuiTreeItem-iconContainer"
                              >
                                <svg
                                  aria-hidden="true"
                                  class="MuiSvgIcon-root MuiSvgIcon-fontSizeMedium css-i4bv87-MuiSvgIcon-root"
                                  data-testid="ExpandMoreIcon"
                                  focusable="false"
                                  viewBox="0 0 24 24"
                                >
                                  <path
                                    d="M16.59 8.59 12 13.17 7.41 8.59 6 10l6 6 6-6z"
                                  />
                                </svg>
                              </div>
                              <div
                                class="MuiTreeItem-label"
                              >
                                <span
                                  class="css-pt399b"
                                >
                                  podcasts
                                </span>
                              </div>
                            </div>
                            <ul
                              class="MuiCollapse-root MuiCollapse-vertical MuiTreeItem-group MuiCollapse-entered css-g0jugy-MuiCollapse-root-MuiTreeItem-group"
                              role="group"
                              style="min-height: 0px;"
                            >
                              <div
                                class="MuiCollapse-wrapper MuiCollapse-vertical css-smkl36-MuiCollapse-wrapper"
                              >
                                <div
                                  class="MuiCollapse-wrapperInner MuiCollapse-vertical css-9l5vo-MuiCollapse-wrapperInner"
                                />
                              </div>
                            </ul>
                          </li>
                          <li
                            aria-expanded="true"
                            class="MuiTreeItem-root css-16alkdk-MuiTreeItem-root"
                            id="mui-162646442-9"
                            role="treeitem"
                            tabindex="-1"
                          >
                            <div
                              class="css-1g86id8-MuiTreeItem-content MuiTreeItem-content Mui-expanded"
                            >
                              <div
                                class="MuiTreeItem-iconContainer"
                              >
                                <svg
                                  aria-hidden="true"
                                  class="MuiSvgIcon-root MuiSvgIcon-fontSizeMedium css-i4bv87-MuiSvgIcon-root"
                                  data-testid="ExpandMoreIcon"
                                  focusable="false"
                                  viewBox="0 0 24 24"
                                >
                                  <path
                                    d="M16.59 8.59 12 13.17 7.41 8.59 6 10l6 6 6-6z"
                                  />
                                </svg>
                              </div>
                              <div
                                class="MuiTreeItem-label"
                              >
                                <span
                                  class="css-pt399b"
                                >
                                  video-games
                                </span>
                              </div>
                            </div>
                            <ul
                              class="MuiCollapse-root MuiCollapse-vertical MuiTreeItem-group MuiCollapse-entered css-g0jugy-MuiCollapse-root-MuiTreeItem-group"
                              role="group"
                              style="min-height: 0px;"
                            >
                              <div
                                class="MuiCollapse-wrapper MuiCollapse-vertical css-smkl36-MuiCollapse-wrapper"
                              >
                                <div
                                  class="MuiCollapse-wrapperInner MuiCollapse-vertical css-9l5vo-MuiCollapse-wrapperInner"
                                />
                              </div>
                            </ul>
                          </li>
                        </div>
                      </div>
                    </ul>
                  </li>
                </ul>
              </div>
            </div>
          </div>
        </div>
        <div
          class="MuiGrid-root MuiGrid-item MuiGrid-grid-xs-12 MuiGrid-grid-sm-12 MuiGrid-grid-md-3"
        >
          <div
            style="padding-left: 1rem; padding-right: 0.5rem;"
          >
            <div
              class="MuiPaper-root MuiPaper-elevation MuiPaper-rounded MuiPaper-elevation1 css-1ps6pg7-MuiPaper-root"
            >
              <div
                class="css-vcmx0t"
              >
                <div
                  class="css-365mzx"
                >
                  Stories
                </div>
              </div>
            </div>
          </div>
        </div>
      </div>
    </div>
  </div>
</div>
`;

exports[`ABOUT-PROJECT-SITEMAP compare against snapshot 1`] = `
<div>
  <div
    class="css-nen11g-MuiStack-root"
  >
    <h2
      class="css-1brxzin"
    >
      Sitemap
    </h2>
    <div
      class="css-cpn9zx"
    >
      are you lost or looking for something?
    </div>
    <div
      class="css-1n1c6cf"
    >
      <button
        class="MuiButton-root MuiButton-outlined MuiButton-outlinedPrimary MuiButton-sizeLarge MuiButton-outlinedSizeLarge MuiButtonBase-root css-9y1egq-MuiButtonBase-root-MuiButton-root"
        tabindex="0"
        type="button"
      >
        See all
        <span
          class="MuiTouchRipple-root css-8je8zh-MuiTouchRipple-root"
        />
      </button>
    </div>
  </div>
</div>
`;
