// Jest Snapshot v1, https://goo.gl/fbAQLP

exports[`STORIES_WRITERS compare Page against snapshot 1`] = `
@keyframes animation-0 {
  0% {
    opacity: 1;
  }

  50% {
    opacity: 0.4;
  }

  100% {
    opacity: 1;
  }
}

@keyframes animation-0 {
  0% {
    opacity: 1;
  }

  50% {
    opacity: 0.4;
  }

  100% {
    opacity: 1;
  }
}

.emotion-0 {
  display: -webkit-box;
  display: -webkit-flex;
  display: -ms-flexbox;
  display: flex;
  -webkit-flex-direction: column;
  -ms-flex-direction: column;
  flex-direction: column;
}

.emotion-1 {
  box-sizing: border-box;
  width: 100%;
  height: inherit;
  border-radius: 0;
  background: linear-gradient(60deg, #06388c 75%, #000 150%);
  color: #fff;
}

@media (min-width:0px) {
  .emotion-1 {
    padding: 1.5rem 1.5rem 1.5rem 1.5rem;
  }
}

@media (min-width:600px) {
  .emotion-1 {
    padding: 2rem 3rem 2rem 3rem;
  }
}

@media (min-width:900px) {
  .emotion-1 {
    padding: 3rem 2.5rem 3rem 2.5rem;
  }
}

.emotion-3 {
  padding: 0 0 1rem 0;
  margin: 0;
}

.emotion-4 {
  font-size: 1rem;
  margin-bottom: 1rem;
}

.emotion-5 {
  font-size: 1rem;
  line-height: 1.25rem;
  margin: 0;
}

.emotion-6 {
  font-size: 0.7rem;
  line-height: 0.75rem;
  margin: 0;
}

.emotion-7 {
  display: -webkit-box;
  display: -webkit-flex;
  display: -ms-flexbox;
  display: flex;
  -webkit-flex-direction: column;
  -ms-flex-direction: column;
  flex-direction: column;
  font-size: 1rem;
}

@media (min-width:0px) {
  .emotion-7 {
    padding: 0rem 2rem 3rem 2rem;
  }
}

@media (min-width:600px) {
  .emotion-7 {
    padding: 0rem 2rem 3rem 2rem;
  }
}

@media (min-width:1200px) {
  .emotion-7 {
    padding: 0rem 4rem 3rem 4rem;
  }
}

.emotion-8 {
  box-sizing: border-box;
  display: -webkit-box;
  display: -webkit-flex;
  display: -ms-flexbox;
  display: flex;
  -webkit-box-flex-wrap: wrap;
  -webkit-flex-wrap: wrap;
  -ms-flex-wrap: wrap;
  flex-wrap: wrap;
  width: 100%;
  -webkit-flex-direction: row;
  -ms-flex-direction: row;
  flex-direction: row;
}

.emotion-9 {
  box-sizing: border-box;
  margin: 0;
  -webkit-flex-direction: row;
  -ms-flex-direction: row;
  flex-direction: row;
  -webkit-flex-basis: 100%;
  -ms-flex-preferred-size: 100%;
  flex-basis: 100%;
  -webkit-box-flex: 0;
  -webkit-flex-grow: 0;
  -ms-flex-positive: 0;
  flex-grow: 0;
  max-width: 100%;
}

@media (min-width:600px) {
  .emotion-9 {
    -webkit-flex-basis: 100%;
    -ms-flex-preferred-size: 100%;
    flex-basis: 100%;
    -webkit-box-flex: 0;
    -webkit-flex-grow: 0;
    -ms-flex-positive: 0;
    flex-grow: 0;
    max-width: 100%;
  }
}

@media (min-width:900px) {
  .emotion-9 {
    -webkit-flex-basis: 75%;
    -ms-flex-preferred-size: 75%;
    flex-basis: 75%;
    -webkit-box-flex: 0;
    -webkit-flex-grow: 0;
    -ms-flex-positive: 0;
    flex-grow: 0;
    max-width: 75%;
  }
}

.emotion-10 {
  padding: 0rem 0rem 4rem 0rem;
}

.emotion-11 {
  margin: 0 0 2rem 0;
  padding: 0;
  width: 100%;
}

.emotion-13 {
  display: -webkit-box;
  display: -webkit-flex;
  display: -ms-flexbox;
  display: flex;
  -webkit-flex-direction: column;
  -ms-flex-direction: column;
  flex-direction: column;
}

.emotion-13>:not(style)+:not(style) {
  margin: 0;
  margin-top: 16px;
}

.emotion-14 {
  box-sizing: border-box;
  display: -webkit-box;
  display: -webkit-flex;
  display: -ms-flexbox;
  display: flex;
  -webkit-box-flex-wrap: wrap;
  -webkit-flex-wrap: wrap;
  -ms-flex-wrap: wrap;
  flex-wrap: wrap;
  width: 100%;
  -webkit-flex-direction: row;
  -ms-flex-direction: row;
  flex-direction: row;
  margin-top: -16px;
  width: calc(100% + 16px);
  margin-left: -16px;
  -webkit-box-pack: center;
  -ms-flex-pack: center;
  -webkit-justify-content: center;
  justify-content: center;
}

.emotion-14>.MuiGrid-item {
  padding-top: 16px;
}

.emotion-14>.MuiGrid-item {
  padding-left: 16px;
}

.emotion-15 {
  box-sizing: border-box;
  margin: 0;
  -webkit-flex-direction: row;
  -ms-flex-direction: row;
  flex-direction: row;
  -webkit-flex-basis: 100%;
  -ms-flex-preferred-size: 100%;
  flex-basis: 100%;
  -webkit-box-flex: 0;
  -webkit-flex-grow: 0;
  -ms-flex-positive: 0;
  flex-grow: 0;
  max-width: 100%;
}

@media (min-width:600px) {
  .emotion-15 {
    -webkit-flex-basis: 50%;
    -ms-flex-preferred-size: 50%;
    flex-basis: 50%;
    -webkit-box-flex: 0;
    -webkit-flex-grow: 0;
    -ms-flex-positive: 0;
    flex-grow: 0;
    max-width: 50%;
  }
}

@media (min-width:900px) {
  .emotion-15 {
    -webkit-flex-basis: 50%;
    -ms-flex-preferred-size: 50%;
    flex-basis: 50%;
    -webkit-box-flex: 0;
    -webkit-flex-grow: 0;
    -ms-flex-positive: 0;
    flex-grow: 0;
    max-width: 50%;
  }
}

.emotion-16 {
  margin: 0;
  padding: 0 1rem 1rem 0;
  display: -webkit-box;
  display: -webkit-flex;
  display: -ms-flexbox;
  display: flex;
  -webkit-box-flex: 1;
  -webkit-flex-grow: 1;
  -ms-flex-positive: 1;
  flex-grow: 1;
  overflow: hidden;
  width: 100%;
  color: rgba(0, 0, 0, 0.87);
  background-color: transparent;
}

.emotion-17 {
  background-color: #fff;
  color: rgba(0, 0, 0, 0.87);
  -webkit-transition: box-shadow 300ms cubic-bezier(0.4, 0, 0.2, 1) 0ms;
  transition: box-shadow 300ms cubic-bezier(0.4, 0, 0.2, 1) 0ms;
  border-radius: 4px;
  box-shadow: 0px 2px 1px -1px rgba(0,0,0,0.2),0px 1px 1px 0px rgba(0,0,0,0.14),0px 1px 3px 0px rgba(0,0,0,0.12);
  display: -webkit-box;
  display: -webkit-flex;
  display: -ms-flexbox;
  display: flex;
  -webkit-box-flex: 1;
  -webkit-flex-grow: 1;
  -ms-flex-positive: 1;
  flex-grow: 1;
  margin: 0.1rem;
  width: 100%;
}

.emotion-18 {
  display: -webkit-box;
  display: -webkit-flex;
  display: -ms-flexbox;
  display: flex;
  -webkit-box-flex: 1;
  -webkit-flex-grow: 1;
  -ms-flex-positive: 1;
  flex-grow: 1;
  width: 100%;
}

.emotion-19 {
  background-color: #fff;
  color: rgba(0, 0, 0, 0.87);
  -webkit-transition: box-shadow 300ms cubic-bezier(0.4, 0, 0.2, 1) 0ms;
  transition: box-shadow 300ms cubic-bezier(0.4, 0, 0.2, 1) 0ms;
  border-radius: 4px;
  box-shadow: 0px 2px 1px -1px rgba(0,0,0,0.2),0px 1px 1px 0px rgba(0,0,0,0.14),0px 1px 3px 0px rgba(0,0,0,0.12);
}

.emotion-20 {
  display: -webkit-box;
  display: -webkit-flex;
  display: -ms-flexbox;
  display: flex;
  -webkit-flex-direction: column;
  -ms-flex-direction: column;
  flex-direction: column;
}

.emotion-20>:not(style)+:not(style) {
  margin: 0;
  margin-top: 8px;
}

.emotion-21 {
  display: block;
  background-color: rgba(0, 0, 0, 0.11);
  height: auto;
  margin-top: 0;
  margin-bottom: 0;
  transform-origin: 0 55%;
  -webkit-transform: scale(1, 0.60);
  -moz-transform: scale(1, 0.60);
  -ms-transform: scale(1, 0.60);
  transform: scale(1, 0.60);
  border-radius: 4px/6.7px;
  -webkit-animation: animation-0 1.5s ease-in-out 0.5s infinite;
  animation: animation-0 1.5s ease-in-out 0.5s infinite;
}

.emotion-21:empty:before {
  content: "\\00a0";
}

.emotion-22 {
  display: block;
  background-color: rgba(0, 0, 0, 0.11);
  height: 1.2em;
  -webkit-animation: animation-0 1.5s ease-in-out 0.5s infinite;
  animation: animation-0 1.5s ease-in-out 0.5s infinite;
}

.emotion-125 {
  display: -webkit-box;
  display: -webkit-flex;
  display: -ms-flexbox;
  display: flex;
  -webkit-flex-direction: row;
  -ms-flex-direction: row;
  flex-direction: row;
  -webkit-box-pack: center;
  -ms-flex-pack: center;
  -webkit-justify-content: center;
  justify-content: center;
}

.emotion-125>:not(style)+:not(style) {
  margin: 0;
  margin-left: 16px;
}

.emotion-126 {
  display: -webkit-inline-box;
  display: -webkit-inline-flex;
  display: -ms-inline-flexbox;
  display: inline-flex;
  -webkit-align-items: center;
  -webkit-box-align: center;
  -ms-flex-align: center;
  align-items: center;
  -webkit-box-pack: center;
  -ms-flex-pack: center;
  -webkit-justify-content: center;
  justify-content: center;
  position: relative;
  box-sizing: border-box;
  -webkit-tap-highlight-color: transparent;
  background-color: transparent;
  outline: 0;
  border: 0;
  margin: 0;
  border-radius: 0;
  padding: 0;
  cursor: pointer;
  -webkit-user-select: none;
  -moz-user-select: none;
  -ms-user-select: none;
  user-select: none;
  vertical-align: middle;
  -moz-appearance: none;
  -webkit-appearance: none;
  -webkit-text-decoration: none;
  text-decoration: none;
  color: inherit;
  font-family: "Roboto","Helvetica","Arial",sans-serif;
  font-weight: 500;
  font-size: 0.875rem;
  line-height: 1.75;
  letter-spacing: 0.02857em;
  text-transform: uppercase;
  min-width: 64px;
  padding: 5px 15px;
  border-radius: 4px;
  -webkit-transition: background-color 250ms cubic-bezier(0.4, 0, 0.2, 1) 0ms,box-shadow 250ms cubic-bezier(0.4, 0, 0.2, 1) 0ms,border-color 250ms cubic-bezier(0.4, 0, 0.2, 1) 0ms,color 250ms cubic-bezier(0.4, 0, 0.2, 1) 0ms;
  transition: background-color 250ms cubic-bezier(0.4, 0, 0.2, 1) 0ms,box-shadow 250ms cubic-bezier(0.4, 0, 0.2, 1) 0ms,border-color 250ms cubic-bezier(0.4, 0, 0.2, 1) 0ms,color 250ms cubic-bezier(0.4, 0, 0.2, 1) 0ms;
  border: 1px solid rgba(6, 56, 140, 0.5);
  color: #06388c;
}

.emotion-126::-moz-focus-inner {
  border-style: none;
}

.emotion-126.Mui-disabled {
  pointer-events: none;
  cursor: default;
}

@media print {
  .emotion-126 {
    -webkit-print-color-adjust: exact;
    color-adjust: exact;
  }
}

.emotion-126:hover {
  -webkit-text-decoration: none;
  text-decoration: none;
  background-color: rgba(6, 56, 140, 0.04);
  border: 1px solid #06388c;
}

@media (hover: none) {
  .emotion-126:hover {
    background-color: transparent;
  }
}

.emotion-126.Mui-disabled {
  color: rgba(0, 0, 0, 0.26);
  border: 1px solid rgba(0, 0, 0, 0.12);
}

.emotion-128 {
  overflow: hidden;
  pointer-events: none;
  position: absolute;
  z-index: 0;
  top: 0;
  right: 0;
  bottom: 0;
  left: 0;
  border-radius: inherit;
}

.emotion-129 {
  box-sizing: border-box;
  margin: 0;
  -webkit-flex-direction: row;
  -ms-flex-direction: row;
  flex-direction: row;
  -webkit-flex-basis: 100%;
  -ms-flex-preferred-size: 100%;
  flex-basis: 100%;
  -webkit-box-flex: 0;
  -webkit-flex-grow: 0;
  -ms-flex-positive: 0;
  flex-grow: 0;
  max-width: 100%;
}

@media (min-width:600px) {
  .emotion-129 {
    -webkit-flex-basis: 100%;
    -ms-flex-preferred-size: 100%;
    flex-basis: 100%;
    -webkit-box-flex: 0;
    -webkit-flex-grow: 0;
    -ms-flex-positive: 0;
    flex-grow: 0;
    max-width: 100%;
  }
}

@media (min-width:900px) {
  .emotion-129 {
    -webkit-flex-basis: 25%;
    -ms-flex-preferred-size: 25%;
    flex-basis: 25%;
    -webkit-box-flex: 0;
    -webkit-flex-grow: 0;
    -ms-flex-positive: 0;
    flex-grow: 0;
    max-width: 25%;
  }
}

.emotion-131 {
  color: rgba(0, 0, 0, 0.87);
  background-color: #fff;
  padding: 1rem;
}

.emotion-132 {
  font-size: 1.5rem;
  padding-bottom: 0.5rem;
  color: inherit;
}

.emotion-133 {
  font-size: 0.9rem;
  color: inherit;
}

.emotion-134 {
  cursor: pointer;
  color: inherit;
  background-color: transparent;
  -webkit-text-decoration: underline;
  text-decoration: underline;
  text-decoration-style: dotted;
  text-decoration-color: inherit;
  text-decoration-thickness: 1px;
  text-overflow: ellipsis;
  white-space: nowrap;
  overflow: hidden;
  display: inline-block;
  width: 100%;
}

<div>
  <div
    class="emotion-0"
  >
    <div
      style="margin-bottom: 2rem;"
    >
      <div
        class="com-layout-section section-0 MuiBox-root emotion-1"
      >
        <div
          class="emotion-0"
        >
          <h2
            class="emotion-3"
          >
            Writers
          </h2>
          <div
            class="emotion-4"
          >
            <div
              class="emotion-5"
            >
              THIS IS THE TEST QUOTE
            </div>
            <span
              class="emotion-6"
            >
              The programmer
            </span>
          </div>
        </div>
      </div>
    </div>
    <div
      class="emotion-7"
    >
      <div
        class="MuiGrid-root MuiGrid-container page-module emotion-8"
      >
        <div
          class="MuiGrid-root MuiGrid-item MuiGrid-grid-xs-12 MuiGrid-grid-sm-12 MuiGrid-grid-md-9 emotion-9"
        >
          <div
            class="emotion-10"
          >
            <div
              class="emotion-11"
            >
              <div
                class="emotion-11"
              >
                <div
                  class="emotion-13"
                >
                  <div />
                  <div
                    class="MuiGrid-root MuiGrid-container MuiGrid-spacing-xs-2 emotion-14"
                    style="width: 100%;"
                  >
                    <div
                      class="MuiGrid-root MuiGrid-item MuiGrid-grid-xs-12 MuiGrid-grid-sm-6 MuiGrid-grid-md-6 emotion-15"
                    >
                      <div
                        class="emotion-16"
                      >
                        <div
                          class="MuiPaper-root MuiPaper-elevation MuiPaper-rounded MuiPaper-elevation1 emotion-17"
                        >
                          <div
                            class="emotion-18"
                          >
                            <div
                              class="MuiPaper-root MuiPaper-elevation MuiPaper-rounded MuiPaper-elevation1 emotion-19"
                              style="background-color: transparent; flex-grow: 1; padding: 0.5rem;"
                            >
                              <div
                                class="emotion-20"
                              >
                                <span
                                  class="MuiSkeleton-root MuiSkeleton-text MuiSkeleton-pulse emotion-21"
                                  style="width: 80%;"
                                />
                                <span
                                  class="MuiSkeleton-root MuiSkeleton-rectangular MuiSkeleton-pulse emotion-22"
                                  style="height: 100px;"
                                />
                                <span
                                  class="MuiSkeleton-root MuiSkeleton-text MuiSkeleton-pulse emotion-21"
                                  style="width: 50%;"
                                />
                                <span
                                  class="MuiSkeleton-root MuiSkeleton-text MuiSkeleton-pulse emotion-21"
                                  style="width: 40%;"
                                />
                                <span
                                  class="MuiSkeleton-root MuiSkeleton-text MuiSkeleton-pulse emotion-21"
                                  style="width: 70%;"
                                />
                              </div>
                            </div>
                          </div>
                        </div>
                      </div>
                    </div>
                    <div
                      class="MuiGrid-root MuiGrid-item MuiGrid-grid-xs-12 MuiGrid-grid-sm-6 MuiGrid-grid-md-6 emotion-15"
                    >
                      <div
                        class="emotion-16"
                      >
                        <div
                          class="MuiPaper-root MuiPaper-elevation MuiPaper-rounded MuiPaper-elevation1 emotion-17"
                        >
                          <div
                            class="emotion-18"
                          >
                            <div
                              class="MuiPaper-root MuiPaper-elevation MuiPaper-rounded MuiPaper-elevation1 emotion-19"
                              style="background-color: transparent; flex-grow: 1; padding: 0.5rem;"
                            >
                              <div
                                class="emotion-20"
                              >
                                <span
                                  class="MuiSkeleton-root MuiSkeleton-text MuiSkeleton-pulse emotion-21"
                                  style="width: 80%;"
                                />
                                <span
                                  class="MuiSkeleton-root MuiSkeleton-rectangular MuiSkeleton-pulse emotion-22"
                                  style="height: 100px;"
                                />
                                <span
                                  class="MuiSkeleton-root MuiSkeleton-text MuiSkeleton-pulse emotion-21"
                                  style="width: 50%;"
                                />
                                <span
                                  class="MuiSkeleton-root MuiSkeleton-text MuiSkeleton-pulse emotion-21"
                                  style="width: 40%;"
                                />
                                <span
                                  class="MuiSkeleton-root MuiSkeleton-text MuiSkeleton-pulse emotion-21"
                                  style="width: 70%;"
                                />
                              </div>
                            </div>
                          </div>
                        </div>
                      </div>
                    </div>
                    <div
                      class="MuiGrid-root MuiGrid-item MuiGrid-grid-xs-12 MuiGrid-grid-sm-6 MuiGrid-grid-md-6 emotion-15"
                    >
                      <div
                        class="emotion-16"
                      >
                        <div
                          class="MuiPaper-root MuiPaper-elevation MuiPaper-rounded MuiPaper-elevation1 emotion-17"
                        >
                          <div
                            class="emotion-18"
                          >
                            <div
                              class="MuiPaper-root MuiPaper-elevation MuiPaper-rounded MuiPaper-elevation1 emotion-19"
                              style="background-color: transparent; flex-grow: 1; padding: 0.5rem;"
                            >
                              <div
                                class="emotion-20"
                              >
                                <span
                                  class="MuiSkeleton-root MuiSkeleton-text MuiSkeleton-pulse emotion-21"
                                  style="width: 80%;"
                                />
                                <span
                                  class="MuiSkeleton-root MuiSkeleton-rectangular MuiSkeleton-pulse emotion-22"
                                  style="height: 100px;"
                                />
                                <span
                                  class="MuiSkeleton-root MuiSkeleton-text MuiSkeleton-pulse emotion-21"
                                  style="width: 50%;"
                                />
                                <span
                                  class="MuiSkeleton-root MuiSkeleton-text MuiSkeleton-pulse emotion-21"
                                  style="width: 40%;"
                                />
                                <span
                                  class="MuiSkeleton-root MuiSkeleton-text MuiSkeleton-pulse emotion-21"
                                  style="width: 70%;"
                                />
                              </div>
                            </div>
                          </div>
                        </div>
                      </div>
                    </div>
                    <div
                      class="MuiGrid-root MuiGrid-item MuiGrid-grid-xs-12 MuiGrid-grid-sm-6 MuiGrid-grid-md-6 emotion-15"
                    >
                      <div
                        class="emotion-16"
                      >
                        <div
                          class="MuiPaper-root MuiPaper-elevation MuiPaper-rounded MuiPaper-elevation1 emotion-17"
                        >
                          <div
                            class="emotion-18"
                          >
                            <div
                              class="MuiPaper-root MuiPaper-elevation MuiPaper-rounded MuiPaper-elevation1 emotion-19"
                              style="background-color: transparent; flex-grow: 1; padding: 0.5rem;"
                            >
                              <div
                                class="emotion-20"
                              >
                                <span
                                  class="MuiSkeleton-root MuiSkeleton-text MuiSkeleton-pulse emotion-21"
                                  style="width: 80%;"
                                />
                                <span
                                  class="MuiSkeleton-root MuiSkeleton-rectangular MuiSkeleton-pulse emotion-22"
                                  style="height: 100px;"
                                />
                                <span
                                  class="MuiSkeleton-root MuiSkeleton-text MuiSkeleton-pulse emotion-21"
                                  style="width: 50%;"
                                />
                                <span
                                  class="MuiSkeleton-root MuiSkeleton-text MuiSkeleton-pulse emotion-21"
                                  style="width: 40%;"
                                />
                                <span
                                  class="MuiSkeleton-root MuiSkeleton-text MuiSkeleton-pulse emotion-21"
                                  style="width: 70%;"
                                />
                              </div>
                            </div>
                          </div>
                        </div>
                      </div>
                    </div>
                    <div
                      class="MuiGrid-root MuiGrid-item MuiGrid-grid-xs-12 MuiGrid-grid-sm-6 MuiGrid-grid-md-6 emotion-15"
                    >
                      <div
                        class="emotion-16"
                      >
                        <div
                          class="MuiPaper-root MuiPaper-elevation MuiPaper-rounded MuiPaper-elevation1 emotion-17"
                        >
                          <div
                            class="emotion-18"
                          >
                            <div
                              class="MuiPaper-root MuiPaper-elevation MuiPaper-rounded MuiPaper-elevation1 emotion-19"
                              style="background-color: transparent; flex-grow: 1; padding: 0.5rem;"
                            >
                              <div
                                class="emotion-20"
                              >
                                <span
                                  class="MuiSkeleton-root MuiSkeleton-text MuiSkeleton-pulse emotion-21"
                                  style="width: 80%;"
                                />
                                <span
                                  class="MuiSkeleton-root MuiSkeleton-rectangular MuiSkeleton-pulse emotion-22"
                                  style="height: 100px;"
                                />
                                <span
                                  class="MuiSkeleton-root MuiSkeleton-text MuiSkeleton-pulse emotion-21"
                                  style="width: 50%;"
                                />
                                <span
                                  class="MuiSkeleton-root MuiSkeleton-text MuiSkeleton-pulse emotion-21"
                                  style="width: 40%;"
                                />
                                <span
                                  class="MuiSkeleton-root MuiSkeleton-text MuiSkeleton-pulse emotion-21"
                                  style="width: 70%;"
                                />
                              </div>
                            </div>
                          </div>
                        </div>
                      </div>
                    </div>
                    <div
                      class="MuiGrid-root MuiGrid-item MuiGrid-grid-xs-12 MuiGrid-grid-sm-6 MuiGrid-grid-md-6 emotion-15"
                    >
                      <div
                        class="emotion-16"
                      >
                        <div
                          class="MuiPaper-root MuiPaper-elevation MuiPaper-rounded MuiPaper-elevation1 emotion-17"
                        >
                          <div
                            class="emotion-18"
                          >
                            <div
                              class="MuiPaper-root MuiPaper-elevation MuiPaper-rounded MuiPaper-elevation1 emotion-19"
                              style="background-color: transparent; flex-grow: 1; padding: 0.5rem;"
                            >
                              <div
                                class="emotion-20"
                              >
                                <span
                                  class="MuiSkeleton-root MuiSkeleton-text MuiSkeleton-pulse emotion-21"
                                  style="width: 80%;"
                                />
                                <span
                                  class="MuiSkeleton-root MuiSkeleton-rectangular MuiSkeleton-pulse emotion-22"
                                  style="height: 100px;"
                                />
                                <span
                                  class="MuiSkeleton-root MuiSkeleton-text MuiSkeleton-pulse emotion-21"
                                  style="width: 50%;"
                                />
                                <span
                                  class="MuiSkeleton-root MuiSkeleton-text MuiSkeleton-pulse emotion-21"
                                  style="width: 40%;"
                                />
                                <span
                                  class="MuiSkeleton-root MuiSkeleton-text MuiSkeleton-pulse emotion-21"
                                  style="width: 70%;"
                                />
                              </div>
                            </div>
                          </div>
                        </div>
                      </div>
                    </div>
                    <div
                      class="MuiGrid-root MuiGrid-item MuiGrid-grid-xs-12 MuiGrid-grid-sm-6 MuiGrid-grid-md-6 emotion-15"
                    >
                      <div
                        class="emotion-16"
                      >
                        <div
                          class="MuiPaper-root MuiPaper-elevation MuiPaper-rounded MuiPaper-elevation1 emotion-17"
                        >
                          <div
                            class="emotion-18"
                          >
                            <div
                              class="MuiPaper-root MuiPaper-elevation MuiPaper-rounded MuiPaper-elevation1 emotion-19"
                              style="background-color: transparent; flex-grow: 1; padding: 0.5rem;"
                            >
                              <div
                                class="emotion-20"
                              >
                                <span
                                  class="MuiSkeleton-root MuiSkeleton-text MuiSkeleton-pulse emotion-21"
                                  style="width: 80%;"
                                />
                                <span
                                  class="MuiSkeleton-root MuiSkeleton-rectangular MuiSkeleton-pulse emotion-22"
                                  style="height: 100px;"
                                />
                                <span
                                  class="MuiSkeleton-root MuiSkeleton-text MuiSkeleton-pulse emotion-21"
                                  style="width: 50%;"
                                />
                                <span
                                  class="MuiSkeleton-root MuiSkeleton-text MuiSkeleton-pulse emotion-21"
                                  style="width: 40%;"
                                />
                                <span
                                  class="MuiSkeleton-root MuiSkeleton-text MuiSkeleton-pulse emotion-21"
                                  style="width: 70%;"
                                />
                              </div>
                            </div>
                          </div>
                        </div>
                      </div>
                    </div>
                    <div
                      class="MuiGrid-root MuiGrid-item MuiGrid-grid-xs-12 MuiGrid-grid-sm-6 MuiGrid-grid-md-6 emotion-15"
                    >
                      <div
                        class="emotion-16"
                      >
                        <div
                          class="MuiPaper-root MuiPaper-elevation MuiPaper-rounded MuiPaper-elevation1 emotion-17"
                        >
                          <div
                            class="emotion-18"
                          >
                            <div
                              class="MuiPaper-root MuiPaper-elevation MuiPaper-rounded MuiPaper-elevation1 emotion-19"
                              style="background-color: transparent; flex-grow: 1; padding: 0.5rem;"
                            >
                              <div
                                class="emotion-20"
                              >
                                <span
                                  class="MuiSkeleton-root MuiSkeleton-text MuiSkeleton-pulse emotion-21"
                                  style="width: 80%;"
                                />
                                <span
                                  class="MuiSkeleton-root MuiSkeleton-rectangular MuiSkeleton-pulse emotion-22"
                                  style="height: 100px;"
                                />
                                <span
                                  class="MuiSkeleton-root MuiSkeleton-text MuiSkeleton-pulse emotion-21"
                                  style="width: 50%;"
                                />
                                <span
                                  class="MuiSkeleton-root MuiSkeleton-text MuiSkeleton-pulse emotion-21"
                                  style="width: 40%;"
                                />
                                <span
                                  class="MuiSkeleton-root MuiSkeleton-text MuiSkeleton-pulse emotion-21"
                                  style="width: 70%;"
                                />
                              </div>
                            </div>
                          </div>
                        </div>
                      </div>
                    </div>
                    <div
                      class="MuiGrid-root MuiGrid-item MuiGrid-grid-xs-12 MuiGrid-grid-sm-6 MuiGrid-grid-md-6 emotion-15"
                    >
                      <div
                        class="emotion-16"
                      >
                        <div
                          class="MuiPaper-root MuiPaper-elevation MuiPaper-rounded MuiPaper-elevation1 emotion-17"
                        >
                          <div
                            class="emotion-18"
                          >
                            <div
                              class="MuiPaper-root MuiPaper-elevation MuiPaper-rounded MuiPaper-elevation1 emotion-19"
                              style="background-color: transparent; flex-grow: 1; padding: 0.5rem;"
                            >
                              <div
                                class="emotion-20"
                              >
                                <span
                                  class="MuiSkeleton-root MuiSkeleton-text MuiSkeleton-pulse emotion-21"
                                  style="width: 80%;"
                                />
                                <span
                                  class="MuiSkeleton-root MuiSkeleton-rectangular MuiSkeleton-pulse emotion-22"
                                  style="height: 100px;"
                                />
                                <span
                                  class="MuiSkeleton-root MuiSkeleton-text MuiSkeleton-pulse emotion-21"
                                  style="width: 50%;"
                                />
                                <span
                                  class="MuiSkeleton-root MuiSkeleton-text MuiSkeleton-pulse emotion-21"
                                  style="width: 40%;"
                                />
                                <span
                                  class="MuiSkeleton-root MuiSkeleton-text MuiSkeleton-pulse emotion-21"
                                  style="width: 70%;"
                                />
                              </div>
                            </div>
                          </div>
                        </div>
                      </div>
                    </div>
                    <div
                      class="MuiGrid-root MuiGrid-item MuiGrid-grid-xs-12 MuiGrid-grid-sm-6 MuiGrid-grid-md-6 emotion-15"
                    >
                      <div
                        class="emotion-16"
                      >
                        <div
                          class="MuiPaper-root MuiPaper-elevation MuiPaper-rounded MuiPaper-elevation1 emotion-17"
                        >
                          <div
                            class="emotion-18"
                          >
                            <div
                              class="MuiPaper-root MuiPaper-elevation MuiPaper-rounded MuiPaper-elevation1 emotion-19"
                              style="background-color: transparent; flex-grow: 1; padding: 0.5rem;"
                            >
                              <div
                                class="emotion-20"
                              >
                                <span
                                  class="MuiSkeleton-root MuiSkeleton-text MuiSkeleton-pulse emotion-21"
                                  style="width: 80%;"
                                />
                                <span
                                  class="MuiSkeleton-root MuiSkeleton-rectangular MuiSkeleton-pulse emotion-22"
                                  style="height: 100px;"
                                />
                                <span
                                  class="MuiSkeleton-root MuiSkeleton-text MuiSkeleton-pulse emotion-21"
                                  style="width: 50%;"
                                />
                                <span
                                  class="MuiSkeleton-root MuiSkeleton-text MuiSkeleton-pulse emotion-21"
                                  style="width: 40%;"
                                />
                                <span
                                  class="MuiSkeleton-root MuiSkeleton-text MuiSkeleton-pulse emotion-21"
                                  style="width: 70%;"
                                />
                              </div>
                            </div>
                          </div>
                        </div>
                      </div>
                    </div>
                  </div>
                  <div
                    class="emotion-125"
                  >
                    <button
                      class="MuiButton-root MuiButton-outlined MuiButton-outlinedPrimary MuiButton-sizeMedium MuiButton-outlinedSizeMedium MuiButtonBase-root Mui-disabled emotion-126"
                      disabled=""
                      tabindex="-1"
                      type="button"
                    >
                      Back
                    </button>
                    <button
                      class="MuiButton-root MuiButton-outlined MuiButton-outlinedPrimary MuiButton-sizeMedium MuiButton-outlinedSizeMedium MuiButtonBase-root emotion-126"
                      tabindex="0"
                      type="button"
                    >
                      Next
                      <span
                        class="MuiTouchRipple-root emotion-128"
                      />
                    </button>
                  </div>
                </div>
              </div>
            </div>
          </div>
        </div>
        <div
          class="MuiGrid-root MuiGrid-item MuiGrid-grid-xs-12 MuiGrid-grid-sm-12 MuiGrid-grid-md-3 emotion-129"
        >
          <div
            style="padding-left: 1rem; padding-right: 0.5rem;"
          >
            <div
              class="MuiPaper-root MuiPaper-elevation MuiPaper-rounded MuiPaper-elevation1 emotion-19"
            >
              <div
                class="emotion-131"
              >
                <div
                  class="emotion-132"
                >
                  See also
                </div>
                <div
                  class="emotion-133"
                >
                  <a
                    href="/about/log"
                    style="flex: 1; display: flex; width: 100%;"
                  >
                    <span
                      class="emotion-134"
                    >
                      Project's log
                    </span>
                  </a>
                </div>
                <div
                  class="emotion-133"
                >
                  <a
                    href="/about/timeline"
                    style="flex: 1; display: flex; width: 100%;"
                  >
                    <span
                      class="emotion-134"
                    >
                      Project's timeline
                    </span>
                  </a>
                </div>
                <div
                  class="emotion-133"
                >
                  <a
                    href="/podcasts"
                    style="flex: 1; display: flex; width: 100%;"
                  >
                    <span
                      class="emotion-134"
                    >
                      Podcasts Dashboard
                    </span>
                  </a>
                </div>
                <div
                  class="emotion-133"
                >
                  <a
                    href="/movies/stories/topics"
                    style="flex: 1; display: flex; width: 100%;"
                  >
                    <span
                      class="emotion-134"
                    >
                      Movie topics
                    </span>
                  </a>
                </div>
              </div>
            </div>
          </div>
        </div>
      </div>
    </div>
  </div>
</div>
`;
