// Jest Snapshot v1, https://goo.gl/fbAQLP

exports[`SEARCH compare against snapshot 1`] = `
.emotion-0 {
  display: -webkit-box;
  display: -webkit-flex;
  display: -ms-flexbox;
  display: flex;
  -webkit-flex-direction: column;
  -ms-flex-direction: column;
  flex-direction: column;
}

.emotion-1 {
  display: -webkit-box;
  display: -webkit-flex;
  display: -ms-flexbox;
  display: flex;
  -webkit-flex-direction: column;
  -ms-flex-direction: column;
  flex-direction: column;
  font-size: 1rem;
}

@media (min-width:0px) {
  .emotion-1 {
    padding: 0rem 2rem 3rem 2rem;
  }
}

@media (min-width:600px) {
  .emotion-1 {
    padding: 0rem 2rem 3rem 2rem;
  }
}

@media (min-width:1200px) {
  .emotion-1 {
    padding: 0rem 4rem 3rem 4rem;
  }
}

.emotion-2 {
  padding: 0rem 0rem 4rem 0rem;
}

.emotion-3 {
  margin-bottom: 4rem;
}

.emotion-4 {
  padding-bottom: 3rem;
}

.emotion-5 {
  font-weight: bold;
}

.emotion-6 {
  padding-bottom: 2rem;
}

.emotion-7 {
  font-size: 1.8rem;
  line-height: 2rem;
  text-transform: lowercase;
  padding: 0;
  margin: 0 0 0.5rem 0;
}

.emotion-8 {
  display: -webkit-box;
  display: -webkit-flex;
  display: -ms-flexbox;
  display: flex;
  -webkit-flex-direction: column;
  -ms-flex-direction: column;
  flex-direction: column;
  -webkit-box-flex-wrap: wrap;
  -webkit-flex-wrap: wrap;
  -ms-flex-wrap: wrap;
  flex-wrap: wrap;
}

.emotion-9 {
  display: -webkit-inline-box;
  display: -webkit-inline-flex;
  display: -ms-inline-flexbox;
  display: inline-flex;
  -webkit-align-items: center;
  -webkit-box-align: center;
  -ms-flex-align: center;
  align-items: center;
  cursor: pointer;
  vertical-align: middle;
  -webkit-tap-highlight-color: transparent;
  margin-left: 16px;
  margin-right: 16px;
  -webkit-flex-direction: column-reverse;
  -ms-flex-direction: column-reverse;
  flex-direction: column-reverse;
}

.emotion-9.Mui-disabled {
  cursor: default;
}

.emotion-9 .MuiFormControlLabel-label.Mui-disabled {
  color: rgba(0, 0, 0, 0.38);
}

.emotion-10 {
  display: -webkit-inline-box;
  display: -webkit-inline-flex;
  display: -ms-inline-flexbox;
  display: inline-flex;
  -webkit-align-items: center;
  -webkit-box-align: center;
  -ms-flex-align: center;
  align-items: center;
  -webkit-box-pack: center;
  -ms-flex-pack: center;
  -webkit-justify-content: center;
  justify-content: center;
  position: relative;
  box-sizing: border-box;
  -webkit-tap-highlight-color: transparent;
  background-color: transparent;
  outline: 0;
  border: 0;
  margin: 0;
  border-radius: 0;
  padding: 0;
  cursor: pointer;
  -webkit-user-select: none;
  -moz-user-select: none;
  -ms-user-select: none;
  user-select: none;
  vertical-align: middle;
  -moz-appearance: none;
  -webkit-appearance: none;
  -webkit-text-decoration: none;
  text-decoration: none;
  color: inherit;
  padding: 9px;
  border-radius: 50%;
  color: rgba(0, 0, 0, 0.6);
}

.emotion-10::-moz-focus-inner {
  border-style: none;
}

.emotion-10.Mui-disabled {
  pointer-events: none;
  cursor: default;
}

@media print {
  .emotion-10 {
    -webkit-print-color-adjust: exact;
    color-adjust: exact;
  }
}

.emotion-10:hover {
  background-color: rgba(25, 118, 210, 0.04);
}

@media (hover: none) {
  .emotion-10:hover {
    background-color: transparent;
  }
}

.emotion-10.Mui-checked,
.emotion-10.MuiCheckbox-indeterminate {
  color: #1976d2;
}

.emotion-10.Mui-disabled {
  color: rgba(0, 0, 0, 0.26);
}

.emotion-11 {
  cursor: inherit;
  position: absolute;
  opacity: 0;
  width: 100%;
  height: 100%;
  top: 0;
  left: 0;
  margin: 0;
  padding: 0;
  z-index: 1;
}

.emotion-12 {
  -webkit-user-select: none;
  -moz-user-select: none;
  -ms-user-select: none;
  user-select: none;
  width: 1em;
  height: 1em;
  display: inline-block;
  fill: currentColor;
  -webkit-flex-shrink: 0;
  -ms-flex-negative: 0;
  flex-shrink: 0;
  -webkit-transition: fill 200ms cubic-bezier(0.4, 0, 0.2, 1) 0ms;
  transition: fill 200ms cubic-bezier(0.4, 0, 0.2, 1) 0ms;
  font-size: 1.5rem;
}

.emotion-13 {
  overflow: hidden;
  pointer-events: none;
  position: absolute;
  z-index: 0;
  top: 0;
  right: 0;
  bottom: 0;
  left: 0;
  border-radius: inherit;
}

.emotion-14 {
  margin: 0;
  font-family: "Roboto","Helvetica","Arial",sans-serif;
  font-weight: 400;
  font-size: 1rem;
  line-height: 1.5;
  letter-spacing: 0.00938em;
}

.emotion-46 {
  margin: 0 0 2rem 0;
  padding: 0;
  width: 100%;
}

.emotion-47 {
  display: -webkit-box;
  display: -webkit-flex;
  display: -ms-flexbox;
  display: flex;
  -webkit-flex-direction: column;
  -ms-flex-direction: column;
  flex-direction: column;
}

.emotion-47>:not(style)+:not(style) {
  margin: 0;
  margin-top: 16px;
}

.emotion-50 {
  font-size: 0.65rem;
  line-height: 1rem;
  text-transform: uppercase;
}

.emotion-51 {
  margin-top: 0;
}

.emotion-52 {
  cursor: pointer;
  display: -webkit-box;
  display: -webkit-flex;
  display: -ms-flexbox;
  display: flex;
  -webkit-box-flex: 1;
  -webkit-flex-grow: 1;
  -ms-flex-positive: 1;
  flex-grow: 1;
}

.emotion-53 {
  margin-top: 0;
  font-size: 0.85rem;
  line-height: 1rem;
}

.emotion-54 {
  margin: 0;
  -webkit-flex-shrink: 0;
  -ms-flex-negative: 0;
  flex-shrink: 0;
  border-width: 0;
  border-style: solid;
  border-color: rgba(0, 0, 0, 0.12);
  border-bottom-width: thin;
  -webkit-align-self: stretch;
  -ms-flex-item-align: stretch;
  align-self: stretch;
  height: auto;
}

.emotion-104 {
  display: -webkit-box;
  display: -webkit-flex;
  display: -ms-flexbox;
  display: flex;
  -webkit-flex-direction: row;
  -ms-flex-direction: row;
  flex-direction: row;
  -webkit-box-pack: center;
  -ms-flex-pack: center;
  -webkit-justify-content: center;
  justify-content: center;
}

.emotion-104>:not(style)+:not(style) {
  margin: 0;
  margin-left: 16px;
}

.emotion-105 {
  display: -webkit-inline-box;
  display: -webkit-inline-flex;
  display: -ms-inline-flexbox;
  display: inline-flex;
  -webkit-align-items: center;
  -webkit-box-align: center;
  -ms-flex-align: center;
  align-items: center;
  -webkit-box-pack: center;
  -ms-flex-pack: center;
  -webkit-justify-content: center;
  justify-content: center;
  position: relative;
  box-sizing: border-box;
  -webkit-tap-highlight-color: transparent;
  background-color: transparent;
  outline: 0;
  border: 0;
  margin: 0;
  border-radius: 0;
  padding: 0;
  cursor: pointer;
  -webkit-user-select: none;
  -moz-user-select: none;
  -ms-user-select: none;
  user-select: none;
  vertical-align: middle;
  -moz-appearance: none;
  -webkit-appearance: none;
  -webkit-text-decoration: none;
  text-decoration: none;
  color: inherit;
  font-family: "Roboto","Helvetica","Arial",sans-serif;
  font-weight: 500;
  font-size: 0.875rem;
  line-height: 1.75;
  letter-spacing: 0.02857em;
  text-transform: uppercase;
  min-width: 64px;
  padding: 5px 15px;
  border-radius: 4px;
  -webkit-transition: background-color 250ms cubic-bezier(0.4, 0, 0.2, 1) 0ms,box-shadow 250ms cubic-bezier(0.4, 0, 0.2, 1) 0ms,border-color 250ms cubic-bezier(0.4, 0, 0.2, 1) 0ms,color 250ms cubic-bezier(0.4, 0, 0.2, 1) 0ms;
  transition: background-color 250ms cubic-bezier(0.4, 0, 0.2, 1) 0ms,box-shadow 250ms cubic-bezier(0.4, 0, 0.2, 1) 0ms,border-color 250ms cubic-bezier(0.4, 0, 0.2, 1) 0ms,color 250ms cubic-bezier(0.4, 0, 0.2, 1) 0ms;
  border: 1px solid rgba(25, 118, 210, 0.5);
  color: #1976d2;
}

.emotion-105::-moz-focus-inner {
  border-style: none;
}

.emotion-105.Mui-disabled {
  pointer-events: none;
  cursor: default;
}

@media print {
  .emotion-105 {
    -webkit-print-color-adjust: exact;
    color-adjust: exact;
  }
}

.emotion-105:hover {
  -webkit-text-decoration: none;
  text-decoration: none;
  background-color: rgba(25, 118, 210, 0.04);
  border: 1px solid #1976d2;
}

@media (hover: none) {
  .emotion-105:hover {
    background-color: transparent;
  }
}

.emotion-105.Mui-disabled {
  color: rgba(0, 0, 0, 0.26);
  border: 1px solid rgba(0, 0, 0, 0.12);
}

.emotion-108 {
  background-color: #fff;
  color: rgba(0, 0, 0, 0.87);
  -webkit-transition: box-shadow 300ms cubic-bezier(0.4, 0, 0.2, 1) 0ms;
  transition: box-shadow 300ms cubic-bezier(0.4, 0, 0.2, 1) 0ms;
  border-radius: 4px;
  box-shadow: 0px 2px 1px -1px rgba(0,0,0,0.2),0px 1px 1px 0px rgba(0,0,0,0.14),0px 1px 3px 0px rgba(0,0,0,0.12);
}

.emotion-109 {
  padding: 0.85rem;
}

.emotion-110 {
  font-size: 1.5rem;
  padding-bottom: 0.5rem;
}

.emotion-111 {
  font-size: 0.9rem;
}

.emotion-112 {
  cursor: pointer;
  -webkit-text-decoration: underline;
  text-decoration: underline;
  text-decoration-style: dotted;
  text-decoration-color: #556cd6;
  text-decoration-thickness: 1px;
}

<div>
  <div
    class="emotion-0"
  >
    <div
      class="emotion-1"
    >
      <div
        class="MuiGrid-root page-module MuiGrid-container"
      >
        <div
          class="MuiGrid-root MuiGrid-item MuiGrid-grid-xs-12 MuiGrid-grid-sm-12 MuiGrid-grid-md-9"
        >
          <div
            class="emotion-2"
          >
            <div
              class="emotion-3"
            >
              <div
                class="emotion-4"
              >
                <div>
                  search results for: 
                  <span
                    class="emotion-5"
                  >
                    transformers
                  </span>
                </div>
              </div>
              <div
                class="emotion-6"
              >
                <h3
                  class="emotion-7"
                >
                  Filters
                </h3>
                <div
                  class="MuiFormGroup-root emotion-8"
                >
                  <div
                    class="MuiGrid-root MuiGrid-container"
                  >
                    <div
                      class="MuiGrid-root MuiGrid-item"
                    >
                      <label
                        class="MuiFormControlLabel-root MuiFormControlLabel-labelPlacementTop emotion-9"
                      >
                        <span
                          class="MuiCheckbox-root MuiCheckbox-colorPrimary MuiButtonBase-root MuiCheckbox-root MuiCheckbox-colorPrimary PrivateSwitchBase-root Mui-checked emotion-10"
                        >
                          <input
                            checked=""
                            class="PrivateSwitchBase-input emotion-11"
                            data-indeterminate="false"
                            name="person"
                            type="checkbox"
                          />
                          <svg
                            aria-hidden="true"
                            class="MuiSvgIcon-root MuiSvgIcon-fontSizeMedium emotion-12"
                            data-testid="CheckBoxIcon"
                            focusable="false"
                            viewBox="0 0 24 24"
                          >
                            <path
                              d="M19 3H5c-1.11 0-2 .9-2 2v14c0 1.1.89 2 2 2h14c1.11 0 2-.9 2-2V5c0-1.1-.89-2-2-2zm-9 14l-5-5 1.41-1.41L10 14.17l7.59-7.59L19 8l-9 9z"
                            />
                          </svg>
                          <span
                            class="MuiTouchRipple-root emotion-13"
                          />
                        </span>
                        <span
                          class="MuiTypography-root MuiTypography-body1 MuiFormControlLabel-label emotion-14"
                        >
                          people
                        </span>
                      </label>
                    </div>
                    <div
                      class="MuiGrid-root MuiGrid-item"
                    >
                      <label
                        class="MuiFormControlLabel-root MuiFormControlLabel-labelPlacementTop emotion-9"
                      >
                        <span
                          class="MuiCheckbox-root MuiCheckbox-colorPrimary MuiButtonBase-root MuiCheckbox-root MuiCheckbox-colorPrimary PrivateSwitchBase-root Mui-checked emotion-10"
                        >
                          <input
                            checked=""
                            class="PrivateSwitchBase-input emotion-11"
                            data-indeterminate="false"
                            name="movie"
                            type="checkbox"
                          />
                          <svg
                            aria-hidden="true"
                            class="MuiSvgIcon-root MuiSvgIcon-fontSizeMedium emotion-12"
                            data-testid="CheckBoxIcon"
                            focusable="false"
                            viewBox="0 0 24 24"
                          >
                            <path
                              d="M19 3H5c-1.11 0-2 .9-2 2v14c0 1.1.89 2 2 2h14c1.11 0 2-.9 2-2V5c0-1.1-.89-2-2-2zm-9 14l-5-5 1.41-1.41L10 14.17l7.59-7.59L19 8l-9 9z"
                            />
                          </svg>
                          <span
                            class="MuiTouchRipple-root emotion-13"
                          />
                        </span>
                        <span
                          class="MuiTypography-root MuiTypography-body1 MuiFormControlLabel-label emotion-14"
                        >
                          movies
                        </span>
                      </label>
                    </div>
                    <div
                      class="MuiGrid-root MuiGrid-item"
                    >
                      <label
                        class="MuiFormControlLabel-root MuiFormControlLabel-labelPlacementTop emotion-9"
                      >
                        <span
                          class="MuiCheckbox-root MuiCheckbox-colorPrimary MuiButtonBase-root MuiCheckbox-root MuiCheckbox-colorPrimary PrivateSwitchBase-root Mui-checked emotion-10"
                        >
                          <input
                            checked=""
                            class="PrivateSwitchBase-input emotion-11"
                            data-indeterminate="false"
                            name="tv_show"
                            type="checkbox"
                          />
                          <svg
                            aria-hidden="true"
                            class="MuiSvgIcon-root MuiSvgIcon-fontSizeMedium emotion-12"
                            data-testid="CheckBoxIcon"
                            focusable="false"
                            viewBox="0 0 24 24"
                          >
                            <path
                              d="M19 3H5c-1.11 0-2 .9-2 2v14c0 1.1.89 2 2 2h14c1.11 0 2-.9 2-2V5c0-1.1-.89-2-2-2zm-9 14l-5-5 1.41-1.41L10 14.17l7.59-7.59L19 8l-9 9z"
                            />
                          </svg>
                          <span
                            class="MuiTouchRipple-root emotion-13"
                          />
                        </span>
                        <span
                          class="MuiTypography-root MuiTypography-body1 MuiFormControlLabel-label emotion-14"
                        >
                          tv shows
                        </span>
                      </label>
                    </div>
                    <div
                      class="MuiGrid-root MuiGrid-item"
                    >
                      <label
                        class="MuiFormControlLabel-root MuiFormControlLabel-labelPlacementTop emotion-9"
                      >
                        <span
                          class="MuiCheckbox-root MuiCheckbox-colorPrimary MuiButtonBase-root MuiCheckbox-root MuiCheckbox-colorPrimary PrivateSwitchBase-root Mui-checked emotion-10"
                        >
                          <input
                            checked=""
                            class="PrivateSwitchBase-input emotion-11"
                            data-indeterminate="false"
                            name="video_game"
                            type="checkbox"
                          />
                          <svg
                            aria-hidden="true"
                            class="MuiSvgIcon-root MuiSvgIcon-fontSizeMedium emotion-12"
                            data-testid="CheckBoxIcon"
                            focusable="false"
                            viewBox="0 0 24 24"
                          >
                            <path
                              d="M19 3H5c-1.11 0-2 .9-2 2v14c0 1.1.89 2 2 2h14c1.11 0 2-.9 2-2V5c0-1.1-.89-2-2-2zm-9 14l-5-5 1.41-1.41L10 14.17l7.59-7.59L19 8l-9 9z"
                            />
                          </svg>
                          <span
                            class="MuiTouchRipple-root emotion-13"
                          />
                        </span>
                        <span
                          class="MuiTypography-root MuiTypography-body1 MuiFormControlLabel-label emotion-14"
                        >
                          video games
                        </span>
                      </label>
                    </div>
                    <div
                      class="MuiGrid-root MuiGrid-item"
                    >
                      <label
                        class="MuiFormControlLabel-root MuiFormControlLabel-labelPlacementTop emotion-9"
                      >
                        <span
                          class="MuiCheckbox-root MuiCheckbox-colorPrimary MuiButtonBase-root MuiCheckbox-root MuiCheckbox-colorPrimary PrivateSwitchBase-root Mui-checked emotion-10"
                        >
                          <input
                            checked=""
                            class="PrivateSwitchBase-input emotion-11"
                            data-indeterminate="false"
                            name="podcast"
                            type="checkbox"
                          />
                          <svg
                            aria-hidden="true"
                            class="MuiSvgIcon-root MuiSvgIcon-fontSizeMedium emotion-12"
                            data-testid="CheckBoxIcon"
                            focusable="false"
                            viewBox="0 0 24 24"
                          >
                            <path
                              d="M19 3H5c-1.11 0-2 .9-2 2v14c0 1.1.89 2 2 2h14c1.11 0 2-.9 2-2V5c0-1.1-.89-2-2-2zm-9 14l-5-5 1.41-1.41L10 14.17l7.59-7.59L19 8l-9 9z"
                            />
                          </svg>
                          <span
                            class="MuiTouchRipple-root emotion-13"
                          />
                        </span>
                        <span
                          class="MuiTypography-root MuiTypography-body1 MuiFormControlLabel-label emotion-14"
                        >
                          podcasts
                        </span>
                      </label>
                    </div>
                    <div
                      class="MuiGrid-root MuiGrid-item"
                    >
                      <label
                        class="MuiFormControlLabel-root MuiFormControlLabel-labelPlacementTop emotion-9"
                      >
                        <span
                          class="MuiCheckbox-root MuiCheckbox-colorPrimary MuiButtonBase-root MuiCheckbox-root MuiCheckbox-colorPrimary PrivateSwitchBase-root Mui-checked emotion-10"
                        >
                          <input
                            checked=""
                            class="PrivateSwitchBase-input emotion-11"
                            data-indeterminate="false"
                            name="festival"
                            type="checkbox"
                          />
                          <svg
                            aria-hidden="true"
                            class="MuiSvgIcon-root MuiSvgIcon-fontSizeMedium emotion-12"
                            data-testid="CheckBoxIcon"
                            focusable="false"
                            viewBox="0 0 24 24"
                          >
                            <path
                              d="M19 3H5c-1.11 0-2 .9-2 2v14c0 1.1.89 2 2 2h14c1.11 0 2-.9 2-2V5c0-1.1-.89-2-2-2zm-9 14l-5-5 1.41-1.41L10 14.17l7.59-7.59L19 8l-9 9z"
                            />
                          </svg>
                          <span
                            class="MuiTouchRipple-root emotion-13"
                          />
                        </span>
                        <span
                          class="MuiTypography-root MuiTypography-body1 MuiFormControlLabel-label emotion-14"
                        >
                          movie festivals
                        </span>
                      </label>
                    </div>
                  </div>
                </div>
              </div>
              <div
                class="emotion-45"
              >
                <div
                  class="emotion-46"
                >
                  <div
                    class="emotion-47"
                  >
                    <div
                      class="emotion-47"
                    >
                      <div
                        class="emotion-45"
                      >
                        <div
                          class="emotion-50"
                        >
                          Video Game
                        </div>
                        <h3
                          class="emotion-51"
                        >
                          <div
                            class="emotion-52"
                          >
                            transformers
                          </div>
                        </h3>
                        <div
                          class="emotion-53"
                        >
                          released: 2004-01-01T05:00:00.000Z
                        </div>
                      </div>
                      <hr
                        class="MuiDivider-root MuiDivider-fullWidth MuiDivider-flexItem emotion-54"
                      />
                      <div
                        class="emotion-45"
                      >
                        <div
                          class="emotion-50"
                        >
                          Movie
                        </div>
                        <h3
                          class="emotion-51"
                        >
                          <div
                            class="emotion-52"
                          >
                            transformers
                          </div>
                        </h3>
                      </div>
                      <hr
                        class="MuiDivider-root MuiDivider-fullWidth MuiDivider-flexItem emotion-54"
                      />
                      <div
                        class="emotion-45"
                      >
                        <div
                          class="emotion-50"
                        >
                          Video Game
                        </div>
                        <h3
                          class="emotion-51"
                        >
                          <div
                            class="emotion-52"
                          >
                            transformers
                          </div>
                        </h3>
                        <div
                          class="emotion-53"
                        >
                          released: 2003-01-01T05:00:00.000Z
                        </div>
                      </div>
                      <hr
                        class="MuiDivider-root MuiDivider-fullWidth MuiDivider-flexItem emotion-54"
                      />
                      <div
                        class="emotion-45"
                      >
                        <div
                          class="emotion-50"
                        >
                          Movie
                        </div>
                        <h3
                          class="emotion-51"
                        >
                          <div
                            class="emotion-52"
                          >
                            transformers
                          </div>
                        </h3>
                      </div>
                      <hr
                        class="MuiDivider-root MuiDivider-fullWidth MuiDivider-flexItem emotion-54"
                      />
                      <div
                        class="emotion-45"
                      >
                        <div
                          class="emotion-50"
                        >
                          Video Game
                        </div>
                        <h3
                          class="emotion-51"
                        >
                          <div
                            class="emotion-52"
                          >
                            transformers animated: the game
                          </div>
                        </h3>
                        <div
                          class="emotion-53"
                        >
                          released: 2008-01-01T05:00:00.000Z
                        </div>
                      </div>
                      <hr
                        class="MuiDivider-root MuiDivider-fullWidth MuiDivider-flexItem emotion-54"
                      />
                      <div
                        class="emotion-45"
                      >
                        <div
                          class="emotion-50"
                        >
                          TV Show
                        </div>
                        <h3
                          class="emotion-51"
                        >
                          <div
                            class="emotion-52"
                          >
                            transformers ascension
                          </div>
                        </h3>
                        <div
                          class="emotion-53"
                        >
                          released: 2016-01-01T05:00:00.000Z
                        </div>
                      </div>
                      <hr
                        class="MuiDivider-root MuiDivider-fullWidth MuiDivider-flexItem emotion-54"
                      />
                      <div
                        class="emotion-45"
                      >
                        <div
                          class="emotion-50"
                        >
                          TV Show
                        </div>
                        <h3
                          class="emotion-51"
                        >
                          <div
                            class="emotion-52"
                          >
                            transformers australia: grandpa unboxing
                          </div>
                        </h3>
                        <div
                          class="emotion-53"
                        >
                          released: 2016-01-01T05:00:00.000Z
                        </div>
                      </div>
                      <hr
                        class="MuiDivider-root MuiDivider-fullWidth MuiDivider-flexItem emotion-54"
                      />
                      <div
                        class="emotion-45"
                      >
                        <div
                          class="emotion-50"
                        >
                          Movie
                        </div>
                        <h3
                          class="emotion-51"
                        >
                          <div
                            class="emotion-52"
                          >
                            transformers cataclysm
                          </div>
                        </h3>
                      </div>
                      <hr
                        class="MuiDivider-root MuiDivider-fullWidth MuiDivider-flexItem emotion-54"
                      />
                      <div
                        class="emotion-45"
                      >
                        <div
                          class="emotion-50"
                        >
                          TV Show
                        </div>
                        <h3
                          class="emotion-51"
                        >
                          <div
                            class="emotion-52"
                          >
                            transformers contention
                          </div>
                        </h3>
                        <div
                          class="emotion-53"
                        >
                          released: 2018-01-01T05:00:00.000Z
                        </div>
                      </div>
                      <hr
                        class="MuiDivider-root MuiDivider-fullWidth MuiDivider-flexItem emotion-54"
                      />
                      <div
                        class="emotion-45"
                      >
                        <div
                          class="emotion-50"
                        >
                          Movie
                        </div>
                        <h3
                          class="emotion-51"
                        >
                          <div
                            class="emotion-52"
                          >
                            transformers crusade
                          </div>
                        </h3>
                      </div>
                    </div>
                    <div
                      class="emotion-104"
                    >
                      <button
                        class="MuiButton-root MuiButton-outlined MuiButton-outlinedPrimary MuiButton-sizeMedium MuiButton-outlinedSizeMedium MuiButtonBase-root Mui-disabled emotion-105"
                        disabled=""
                        tabindex="-1"
                        type="button"
                      >
                        Back
                      </button>
                      <button
                        class="MuiButton-root MuiButton-outlined MuiButton-outlinedPrimary MuiButton-sizeMedium MuiButton-outlinedSizeMedium MuiButtonBase-root emotion-105"
                        tabindex="0"
                        type="button"
                      >
                        Next
                        <span
                          class="MuiTouchRipple-root emotion-13"
                        />
                      </button>
                    </div>
                  </div>
                </div>
              </div>
            </div>
          </div>
        </div>
        <div
          class="MuiGrid-root MuiGrid-item MuiGrid-grid-xs-12 MuiGrid-grid-sm-12 MuiGrid-grid-md-3"
        >
          <div
            style="padding-left: 1rem; padding-right: 0.5rem;"
          >
            <div
              class="MuiPaper-root MuiPaper-elevation MuiPaper-rounded MuiPaper-elevation1 emotion-108"
            >
              <div
                class="emotion-109"
              >
                <div
                  class="emotion-110"
                >
                  See also
                </div>
                <div
                  class="emotion-111"
                >
                  <span
                    class="emotion-112"
                  >
                    Movie Awards
                  </span>
                </div>
                <div
                  class="emotion-111"
                >
                  <span
                    class="emotion-112"
                  >
                    Movies
                  </span>
                </div>
                <div
                  class="emotion-111"
                >
                  <span
                    class="emotion-112"
                  >
                    People
                  </span>
                </div>
                <div
                  class="emotion-111"
                >
                  <span
                    class="emotion-112"
                  >
                    Podcasts
                  </span>
                </div>
                <div
                  class="emotion-111"
                >
                  <span
                    class="emotion-112"
                  >
                    Music Podcasts
                  </span>
                </div>
              </div>
            </div>
          </div>
        </div>
      </div>
    </div>
  </div>
</div>
`;
