// Jest Snapshot v1, https://goo.gl/fbAQLP

exports[`SEARCH compare against snapshot 1`] = `
.emotion-0 {
  display: -webkit-box;
  display: -webkit-flex;
  display: -ms-flexbox;
  display: flex;
  -webkit-flex-direction: column;
  -ms-flex-direction: column;
  flex-direction: column;
}

.emotion-1 {
  display: -webkit-box;
  display: -webkit-flex;
  display: -ms-flexbox;
  display: flex;
  -webkit-flex-direction: column;
  -ms-flex-direction: column;
  flex-direction: column;
  font-size: 1rem;
}

@media (min-width:0px) {
  .emotion-1 {
    padding: 0rem 2rem 3rem 2rem;
  }
}

@media (min-width:600px) {
  .emotion-1 {
    padding: 0rem 2rem 3rem 2rem;
  }
}

@media (min-width:1200px) {
  .emotion-1 {
    padding: 0rem 4rem 3rem 4rem;
  }
}

.emotion-2 {
  padding: 0rem 0rem 4rem 0rem;
}

.emotion-3 {
  margin-bottom: 4rem;
}

.emotion-4 {
  padding-bottom: 3rem;
}

.emotion-5 {
  font-weight: bold;
}

.emotion-6 {
  padding-bottom: 2rem;
}

.emotion-7 {
  font-size: 1.8rem;
  line-height: 2rem;
  text-transform: lowercase;
  padding: 0;
  margin: 0 0 0.5rem 0;
}

.emotion-8 {
  display: -webkit-box;
  display: -webkit-flex;
  display: -ms-flexbox;
  display: flex;
  -webkit-flex-direction: column;
  -ms-flex-direction: column;
  flex-direction: column;
  -webkit-box-flex-wrap: wrap;
  -webkit-flex-wrap: wrap;
  -ms-flex-wrap: wrap;
  flex-wrap: wrap;
}

.emotion-9 {
  margin: 0 0 2rem 0;
  padding: 0;
  width: 100%;
}

.emotion-10 {
  font-size: 0.7rem;
  line-height: 0.75rem;
  margin: 0;
}

.emotion-11 {
  display: -webkit-box;
  display: -webkit-flex;
  display: -ms-flexbox;
  display: flex;
  -webkit-flex-direction: row;
  -ms-flex-direction: row;
  flex-direction: row;
}

.emotion-11>:not(style)+:not(style) {
  margin: 0;
  margin-left: 16px;
}

.emotion-12 {
  display: -webkit-inline-box;
  display: -webkit-inline-flex;
  display: -ms-inline-flexbox;
  display: inline-flex;
  -webkit-align-items: center;
  -webkit-box-align: center;
  -ms-flex-align: center;
  align-items: center;
  cursor: pointer;
  vertical-align: middle;
  -webkit-tap-highlight-color: transparent;
  margin-left: -11px;
  margin-right: 16px;
}

.emotion-12.Mui-disabled {
  cursor: default;
}

.emotion-12 .MuiFormControlLabel-label.Mui-disabled {
  color: rgba(0, 0, 0, 0.38);
}

.emotion-13 {
  display: -webkit-inline-box;
  display: -webkit-inline-flex;
  display: -ms-inline-flexbox;
  display: inline-flex;
  width: 58px;
  height: 38px;
  overflow: hidden;
  padding: 12px;
  box-sizing: border-box;
  position: relative;
  -webkit-flex-shrink: 0;
  -ms-flex-negative: 0;
  flex-shrink: 0;
  z-index: 0;
  vertical-align: middle;
}

@media print {
  .emotion-13 {
    -webkit-print-color-adjust: exact;
    color-adjust: exact;
  }
}

.emotion-14 {
  display: -webkit-inline-box;
  display: -webkit-inline-flex;
  display: -ms-inline-flexbox;
  display: inline-flex;
  -webkit-align-items: center;
  -webkit-box-align: center;
  -ms-flex-align: center;
  align-items: center;
  -webkit-box-pack: center;
  -ms-flex-pack: center;
  -webkit-justify-content: center;
  justify-content: center;
  position: relative;
  box-sizing: border-box;
  -webkit-tap-highlight-color: transparent;
  background-color: transparent;
  outline: 0;
  border: 0;
  margin: 0;
  border-radius: 0;
  padding: 0;
  cursor: pointer;
  -webkit-user-select: none;
  -moz-user-select: none;
  -ms-user-select: none;
  user-select: none;
  vertical-align: middle;
  -moz-appearance: none;
  -webkit-appearance: none;
  -webkit-text-decoration: none;
  text-decoration: none;
  color: inherit;
  padding: 9px;
  border-radius: 50%;
  position: absolute;
  top: 0;
  left: 0;
  z-index: 1;
  color: #fff;
  -webkit-transition: left 150ms cubic-bezier(0.4, 0, 0.2, 1) 0ms,-webkit-transform 150ms cubic-bezier(0.4, 0, 0.2, 1) 0ms;
  transition: left 150ms cubic-bezier(0.4, 0, 0.2, 1) 0ms,transform 150ms cubic-bezier(0.4, 0, 0.2, 1) 0ms;
}

.emotion-14::-moz-focus-inner {
  border-style: none;
}

.emotion-14.Mui-disabled {
  pointer-events: none;
  cursor: default;
}

@media print {
  .emotion-14 {
    -webkit-print-color-adjust: exact;
    color-adjust: exact;
  }
}

.emotion-14.Mui-checked {
  -webkit-transform: translateX(20px);
  -moz-transform: translateX(20px);
  -ms-transform: translateX(20px);
  transform: translateX(20px);
}

.emotion-14.Mui-disabled {
  color: #f5f5f5;
}

.emotion-14.Mui-checked+.MuiSwitch-track {
  opacity: 0.5;
}

.emotion-14.Mui-disabled+.MuiSwitch-track {
  opacity: 0.12;
}

.emotion-14 .MuiSwitch-input {
  left: -100%;
  width: 300%;
}

.emotion-14:hover {
  background-color: rgba(0, 0, 0, 0.04);
}

@media (hover: none) {
  .emotion-14:hover {
    background-color: transparent;
  }
}

.emotion-14.Mui-checked {
  color: #1976d2;
}

.emotion-14.Mui-checked:hover {
  background-color: rgba(25, 118, 210, 0.04);
}

@media (hover: none) {
  .emotion-14.Mui-checked:hover {
    background-color: transparent;
  }
}

.emotion-14.Mui-checked.Mui-disabled {
  color: rgb(167, 202, 237);
}

.emotion-14.Mui-checked+.MuiSwitch-track {
  background-color: #1976d2;
}

.emotion-15 {
  cursor: inherit;
  position: absolute;
  opacity: 0;
  width: 100%;
  height: 100%;
  top: 0;
  left: 0;
  margin: 0;
  padding: 0;
  z-index: 1;
}

.emotion-16 {
  box-shadow: 0px 2px 1px -1px rgba(0,0,0,0.2),0px 1px 1px 0px rgba(0,0,0,0.14),0px 1px 3px 0px rgba(0,0,0,0.12);
  background-color: currentColor;
  width: 20px;
  height: 20px;
  border-radius: 50%;
}

.emotion-17 {
  overflow: hidden;
  pointer-events: none;
  position: absolute;
  z-index: 0;
  top: 0;
  right: 0;
  bottom: 0;
  left: 0;
  border-radius: inherit;
}

.emotion-18 {
  height: 100%;
  width: 100%;
  border-radius: 7px;
  z-index: -1;
  -webkit-transition: opacity 150ms cubic-bezier(0.4, 0, 0.2, 1) 0ms,background-color 150ms cubic-bezier(0.4, 0, 0.2, 1) 0ms;
  transition: opacity 150ms cubic-bezier(0.4, 0, 0.2, 1) 0ms,background-color 150ms cubic-bezier(0.4, 0, 0.2, 1) 0ms;
  background-color: #000;
  opacity: 0.38;
}

.emotion-19 {
  margin: 0;
  font-family: "Roboto","Helvetica","Arial",sans-serif;
  font-weight: 400;
  font-size: 1rem;
  line-height: 1.5;
  letter-spacing: 0.00938em;
}

.emotion-63 {
  display: -webkit-inline-box;
  display: -webkit-inline-flex;
  display: -ms-inline-flexbox;
  display: inline-flex;
  -webkit-flex-direction: column;
  -ms-flex-direction: column;
  flex-direction: column;
  position: relative;
  min-width: 0;
  padding: 0;
  margin: 0;
  border: 0;
  vertical-align: top;
}

.emotion-64 {
  color: rgba(0, 0, 0, 0.6);
  font-family: "Roboto","Helvetica","Arial",sans-serif;
  font-weight: 400;
  font-size: 1rem;
  line-height: 1.4375em;
  letter-spacing: 0.00938em;
  padding: 0;
  position: relative;
  display: block;
  transform-origin: top left;
  white-space: nowrap;
  overflow: hidden;
  text-overflow: ellipsis;
  max-width: calc(100% - 24px);
  position: absolute;
  left: 0;
  top: 0;
  -webkit-transform: translate(14px, 9px) scale(1);
  -moz-transform: translate(14px, 9px) scale(1);
  -ms-transform: translate(14px, 9px) scale(1);
  transform: translate(14px, 9px) scale(1);
  -webkit-transition: color 200ms cubic-bezier(0.0, 0, 0.2, 1) 0ms,-webkit-transform 200ms cubic-bezier(0.0, 0, 0.2, 1) 0ms,max-width 200ms cubic-bezier(0.0, 0, 0.2, 1) 0ms;
  transition: color 200ms cubic-bezier(0.0, 0, 0.2, 1) 0ms,transform 200ms cubic-bezier(0.0, 0, 0.2, 1) 0ms,max-width 200ms cubic-bezier(0.0, 0, 0.2, 1) 0ms;
  z-index: 1;
  pointer-events: none;
}

.emotion-64.Mui-focused {
  color: #1976d2;
}

.emotion-64.Mui-disabled {
  color: rgba(0, 0, 0, 0.38);
}

.emotion-64.Mui-error {
  color: #d32f2f;
}

.emotion-65 {
  font-family: "Roboto","Helvetica","Arial",sans-serif;
  font-weight: 400;
  font-size: 1rem;
  line-height: 1.4375em;
  letter-spacing: 0.00938em;
  color: rgba(0, 0, 0, 0.87);
  box-sizing: border-box;
  position: relative;
  cursor: text;
  display: -webkit-inline-box;
  display: -webkit-inline-flex;
  display: -ms-inline-flexbox;
  display: inline-flex;
  -webkit-align-items: center;
  -webkit-box-align: center;
  -ms-flex-align: center;
  align-items: center;
  position: relative;
  border-radius: 4px;
}

.emotion-65.Mui-disabled {
  color: rgba(0, 0, 0, 0.38);
  cursor: default;
}

.emotion-65:hover .MuiOutlinedInput-notchedOutline {
  border-color: rgba(0, 0, 0, 0.87);
}

@media (hover: none) {
  .emotion-65:hover .MuiOutlinedInput-notchedOutline {
    border-color: rgba(0, 0, 0, 0.23);
  }
}

.emotion-65.Mui-focused .MuiOutlinedInput-notchedOutline {
  border-color: #1976d2;
  border-width: 2px;
}

.emotion-65.Mui-error .MuiOutlinedInput-notchedOutline {
  border-color: #d32f2f;
}

.emotion-65.Mui-disabled .MuiOutlinedInput-notchedOutline {
  border-color: rgba(0, 0, 0, 0.26);
}

.emotion-66 {
  font: inherit;
  letter-spacing: inherit;
  color: currentColor;
  padding: 4px 0 5px;
  border: 0;
  box-sizing: content-box;
  background: none;
  height: 1.4375em;
  margin: 0;
  -webkit-tap-highlight-color: transparent;
  display: block;
  min-width: 0;
  width: 100%;
  -webkit-animation-name: mui-auto-fill-cancel;
  animation-name: mui-auto-fill-cancel;
  -webkit-animation-duration: 10ms;
  animation-duration: 10ms;
  padding-top: 1px;
  padding: 8.5px 14px;
}

.emotion-66::-webkit-input-placeholder {
  color: currentColor;
  opacity: 0.42;
  -webkit-transition: opacity 200ms cubic-bezier(0.4, 0, 0.2, 1) 0ms;
  transition: opacity 200ms cubic-bezier(0.4, 0, 0.2, 1) 0ms;
}

.emotion-66::-moz-placeholder {
  color: currentColor;
  opacity: 0.42;
  -webkit-transition: opacity 200ms cubic-bezier(0.4, 0, 0.2, 1) 0ms;
  transition: opacity 200ms cubic-bezier(0.4, 0, 0.2, 1) 0ms;
}

.emotion-66:-ms-input-placeholder {
  color: currentColor;
  opacity: 0.42;
  -webkit-transition: opacity 200ms cubic-bezier(0.4, 0, 0.2, 1) 0ms;
  transition: opacity 200ms cubic-bezier(0.4, 0, 0.2, 1) 0ms;
}

.emotion-66::-ms-input-placeholder {
  color: currentColor;
  opacity: 0.42;
  -webkit-transition: opacity 200ms cubic-bezier(0.4, 0, 0.2, 1) 0ms;
  transition: opacity 200ms cubic-bezier(0.4, 0, 0.2, 1) 0ms;
}

.emotion-66:focus {
  outline: 0;
}

.emotion-66:invalid {
  box-shadow: none;
}

.emotion-66::-webkit-search-decoration {
  -webkit-appearance: none;
}

label[data-shrink=false]+.MuiInputBase-formControl .emotion-66::-webkit-input-placeholder {
  opacity: 0!important;
}

label[data-shrink=false]+.MuiInputBase-formControl .emotion-66::-moz-placeholder {
  opacity: 0!important;
}

label[data-shrink=false]+.MuiInputBase-formControl .emotion-66:-ms-input-placeholder {
  opacity: 0!important;
}

label[data-shrink=false]+.MuiInputBase-formControl .emotion-66::-ms-input-placeholder {
  opacity: 0!important;
}

label[data-shrink=false]+.MuiInputBase-formControl .emotion-66:focus::-webkit-input-placeholder {
  opacity: 0.42;
}

label[data-shrink=false]+.MuiInputBase-formControl .emotion-66:focus::-moz-placeholder {
  opacity: 0.42;
}

label[data-shrink=false]+.MuiInputBase-formControl .emotion-66:focus:-ms-input-placeholder {
  opacity: 0.42;
}

label[data-shrink=false]+.MuiInputBase-formControl .emotion-66:focus::-ms-input-placeholder {
  opacity: 0.42;
}

.emotion-66.Mui-disabled {
  opacity: 1;
  -webkit-text-fill-color: rgba(0, 0, 0, 0.38);
}

.emotion-66:-webkit-autofill {
  -webkit-animation-duration: 5000s;
  animation-duration: 5000s;
  -webkit-animation-name: mui-auto-fill;
  animation-name: mui-auto-fill;
}

.emotion-66:-webkit-autofill {
  border-radius: inherit;
}

.emotion-67 {
  text-align: left;
  position: absolute;
  bottom: 0;
  right: 0;
  top: -5px;
  left: 0;
  margin: 0;
  padding: 0 8px;
  pointer-events: none;
  border-radius: inherit;
  border-style: solid;
  border-width: 1px;
  overflow: hidden;
  min-width: 0%;
  border-color: rgba(0, 0, 0, 0.23);
}

.emotion-68 {
  display: block;
  width: auto;
  padding: 0;
  height: 11px;
  font-size: 0.75em;
  visibility: hidden;
  max-width: 0.01px;
  -webkit-transition: max-width 50ms cubic-bezier(0.0, 0, 0.2, 1) 0ms;
  transition: max-width 50ms cubic-bezier(0.0, 0, 0.2, 1) 0ms;
}

.emotion-68>span {
  padding-left: 5px;
  padding-right: 5px;
  display: inline-block;
}

.emotion-75 {
  font-size: 0.6rem;
  line-height: 0.75rem;
  font-style: italic;
  margin: 0;
}

.emotion-77 {
  display: -webkit-inline-box;
  display: -webkit-inline-flex;
  display: -ms-inline-flexbox;
  display: inline-flex;
  -webkit-align-items: center;
  -webkit-box-align: center;
  -ms-flex-align: center;
  align-items: center;
  -webkit-box-pack: center;
  -ms-flex-pack: center;
  -webkit-justify-content: center;
  justify-content: center;
  position: relative;
  box-sizing: border-box;
  -webkit-tap-highlight-color: transparent;
  background-color: transparent;
  outline: 0;
  border: 0;
  margin: 0;
  border-radius: 0;
  padding: 0;
  cursor: pointer;
  -webkit-user-select: none;
  -moz-user-select: none;
  -ms-user-select: none;
  user-select: none;
  vertical-align: middle;
  -moz-appearance: none;
  -webkit-appearance: none;
  -webkit-text-decoration: none;
  text-decoration: none;
  color: inherit;
  font-family: "Roboto","Helvetica","Arial",sans-serif;
  font-weight: 500;
  font-size: 0.875rem;
  line-height: 1.75;
  letter-spacing: 0.02857em;
  text-transform: uppercase;
  min-width: 64px;
  padding: 6px 8px;
  border-radius: 4px;
  -webkit-transition: background-color 250ms cubic-bezier(0.4, 0, 0.2, 1) 0ms,box-shadow 250ms cubic-bezier(0.4, 0, 0.2, 1) 0ms,border-color 250ms cubic-bezier(0.4, 0, 0.2, 1) 0ms,color 250ms cubic-bezier(0.4, 0, 0.2, 1) 0ms;
  transition: background-color 250ms cubic-bezier(0.4, 0, 0.2, 1) 0ms,box-shadow 250ms cubic-bezier(0.4, 0, 0.2, 1) 0ms,border-color 250ms cubic-bezier(0.4, 0, 0.2, 1) 0ms,color 250ms cubic-bezier(0.4, 0, 0.2, 1) 0ms;
  color: #1976d2;
}

.emotion-77::-moz-focus-inner {
  border-style: none;
}

.emotion-77.Mui-disabled {
  pointer-events: none;
  cursor: default;
}

@media print {
  .emotion-77 {
    -webkit-print-color-adjust: exact;
    color-adjust: exact;
  }
}

.emotion-77:hover {
  -webkit-text-decoration: none;
  text-decoration: none;
  background-color: rgba(25, 118, 210, 0.04);
}

@media (hover: none) {
  .emotion-77:hover {
    background-color: transparent;
  }
}

.emotion-77.Mui-disabled {
  color: rgba(0, 0, 0, 0.26);
}

.emotion-81 {
  display: -webkit-box;
  display: -webkit-flex;
  display: -ms-flexbox;
  display: flex;
  -webkit-flex-direction: column;
  -ms-flex-direction: column;
  flex-direction: column;
}

.emotion-81>:not(style)+:not(style) {
  margin: 0;
  margin-top: 16px;
}

.emotion-84 {
  font-size: 0.65rem;
  line-height: 1rem;
  text-transform: uppercase;
}

.emotion-85 {
  margin-top: 0;
}

.emotion-86 {
  cursor: pointer;
  -webkit-text-decoration: underline;
  text-decoration: underline;
  text-decoration-style: dotted;
  text-decoration-color: #556cd6;
  text-decoration-thickness: 1px;
}

.emotion-87 {
  margin: 0;
  -webkit-flex-shrink: 0;
  -ms-flex-negative: 0;
  flex-shrink: 0;
  border-width: 0;
  border-style: solid;
  border-color: rgba(0, 0, 0, 0.12);
  border-bottom-width: thin;
  -webkit-align-self: stretch;
  -ms-flex-item-align: stretch;
  align-self: stretch;
  height: auto;
}

.emotion-132 {
  display: -webkit-box;
  display: -webkit-flex;
  display: -ms-flexbox;
  display: flex;
  -webkit-flex-direction: row;
  -ms-flex-direction: row;
  flex-direction: row;
  -webkit-box-pack: center;
  -ms-flex-pack: center;
  -webkit-justify-content: center;
  justify-content: center;
}

.emotion-132>:not(style)+:not(style) {
  margin: 0;
  margin-left: 16px;
}

.emotion-133 {
  display: -webkit-inline-box;
  display: -webkit-inline-flex;
  display: -ms-inline-flexbox;
  display: inline-flex;
  -webkit-align-items: center;
  -webkit-box-align: center;
  -ms-flex-align: center;
  align-items: center;
  -webkit-box-pack: center;
  -ms-flex-pack: center;
  -webkit-justify-content: center;
  justify-content: center;
  position: relative;
  box-sizing: border-box;
  -webkit-tap-highlight-color: transparent;
  background-color: transparent;
  outline: 0;
  border: 0;
  margin: 0;
  border-radius: 0;
  padding: 0;
  cursor: pointer;
  -webkit-user-select: none;
  -moz-user-select: none;
  -ms-user-select: none;
  user-select: none;
  vertical-align: middle;
  -moz-appearance: none;
  -webkit-appearance: none;
  -webkit-text-decoration: none;
  text-decoration: none;
  color: inherit;
  font-family: "Roboto","Helvetica","Arial",sans-serif;
  font-weight: 500;
  font-size: 0.875rem;
  line-height: 1.75;
  letter-spacing: 0.02857em;
  text-transform: uppercase;
  min-width: 64px;
  padding: 5px 15px;
  border-radius: 4px;
  -webkit-transition: background-color 250ms cubic-bezier(0.4, 0, 0.2, 1) 0ms,box-shadow 250ms cubic-bezier(0.4, 0, 0.2, 1) 0ms,border-color 250ms cubic-bezier(0.4, 0, 0.2, 1) 0ms,color 250ms cubic-bezier(0.4, 0, 0.2, 1) 0ms;
  transition: background-color 250ms cubic-bezier(0.4, 0, 0.2, 1) 0ms,box-shadow 250ms cubic-bezier(0.4, 0, 0.2, 1) 0ms,border-color 250ms cubic-bezier(0.4, 0, 0.2, 1) 0ms,color 250ms cubic-bezier(0.4, 0, 0.2, 1) 0ms;
  border: 1px solid rgba(25, 118, 210, 0.5);
  color: #1976d2;
}

.emotion-133::-moz-focus-inner {
  border-style: none;
}

.emotion-133.Mui-disabled {
  pointer-events: none;
  cursor: default;
}

@media print {
  .emotion-133 {
    -webkit-print-color-adjust: exact;
    color-adjust: exact;
  }
}

.emotion-133:hover {
  -webkit-text-decoration: none;
  text-decoration: none;
  background-color: rgba(25, 118, 210, 0.04);
  border: 1px solid #1976d2;
}

@media (hover: none) {
  .emotion-133:hover {
    background-color: transparent;
  }
}

.emotion-133.Mui-disabled {
  color: rgba(0, 0, 0, 0.26);
  border: 1px solid rgba(0, 0, 0, 0.12);
}

.emotion-136 {
  background-color: #fff;
  color: rgba(0, 0, 0, 0.87);
  -webkit-transition: box-shadow 300ms cubic-bezier(0.4, 0, 0.2, 1) 0ms;
  transition: box-shadow 300ms cubic-bezier(0.4, 0, 0.2, 1) 0ms;
  border-radius: 4px;
  box-shadow: 0px 2px 1px -1px rgba(0,0,0,0.2),0px 1px 1px 0px rgba(0,0,0,0.14),0px 1px 3px 0px rgba(0,0,0,0.12);
}

.emotion-137 {
  padding: 0.85rem;
}

.emotion-138 {
  font-size: 1.5rem;
  padding-bottom: 0.5rem;
}

.emotion-139 {
  font-size: 0.9rem;
}

<div>
  <div
    class="emotion-0"
  >
    <div
      class="emotion-1"
    >
      <div
        class="MuiGrid-root page-module MuiGrid-container"
      >
        <div
          class="MuiGrid-root MuiGrid-item MuiGrid-grid-xs-12 MuiGrid-grid-sm-12 MuiGrid-grid-md-9"
        >
          <div
            class="emotion-2"
          >
            <div
              class="emotion-3"
            >
              <div
                class="emotion-4"
              >
                <div>
                  search results for: 
                  <span
                    class="emotion-5"
                  />
                </div>
              </div>
              <div
                class="emotion-6"
              >
                <h3
                  class="emotion-7"
                >
                  Filters
                </h3>
                <div
                  class="MuiFormGroup-root emotion-8"
                >
                  <div
                    class="emotion-9"
                  >
                    <span
                      class="emotion-10"
                    >
                      entities
                    </span>
                    <div
                      class="emotion-11"
                      style="width: 100%; overflow-x: auto;"
                    >
                      <label
                        class="MuiFormControlLabel-root MuiFormControlLabel-labelPlacementEnd emotion-12"
                      >
                        <span
                          class="MuiSwitch-root MuiSwitch-sizeMedium emotion-13"
                        >
                          <span
                            class="MuiSwitch-switchBase MuiSwitch-colorPrimary Mui-checked MuiButtonBase-root MuiSwitch-switchBase MuiSwitch-colorPrimary Mui-checked PrivateSwitchBase-root Mui-checked emotion-14"
                          >
                            <input
                              checked=""
                              class="MuiSwitch-input PrivateSwitchBase-input emotion-15"
                              name="person"
                              type="checkbox"
                            />
                            <span
                              class="MuiSwitch-thumb emotion-16"
                            />
                            <span
                              class="MuiTouchRipple-root emotion-17"
                            />
                          </span>
                          <span
                            class="MuiSwitch-track emotion-18"
                          />
                        </span>
                        <span
                          class="MuiTypography-root MuiTypography-body1 MuiFormControlLabel-label emotion-19"
                        >
                          people
                        </span>
                      </label>
                      <label
                        class="MuiFormControlLabel-root MuiFormControlLabel-labelPlacementEnd emotion-12"
                      >
                        <span
                          class="MuiSwitch-root MuiSwitch-sizeMedium emotion-13"
                        >
                          <span
                            class="MuiSwitch-switchBase MuiSwitch-colorPrimary Mui-checked MuiButtonBase-root MuiSwitch-switchBase MuiSwitch-colorPrimary Mui-checked PrivateSwitchBase-root Mui-checked emotion-14"
                          >
                            <input
                              checked=""
                              class="MuiSwitch-input PrivateSwitchBase-input emotion-15"
                              name="movie"
                              type="checkbox"
                            />
                            <span
                              class="MuiSwitch-thumb emotion-16"
                            />
                            <span
                              class="MuiTouchRipple-root emotion-17"
                            />
                          </span>
                          <span
                            class="MuiSwitch-track emotion-18"
                          />
                        </span>
                        <span
                          class="MuiTypography-root MuiTypography-body1 MuiFormControlLabel-label emotion-19"
                        >
                          movies
                        </span>
                      </label>
                      <label
                        class="MuiFormControlLabel-root MuiFormControlLabel-labelPlacementEnd emotion-12"
                      >
                        <span
                          class="MuiSwitch-root MuiSwitch-sizeMedium emotion-13"
                        >
                          <span
                            class="MuiSwitch-switchBase MuiSwitch-colorPrimary Mui-checked MuiButtonBase-root MuiSwitch-switchBase MuiSwitch-colorPrimary Mui-checked PrivateSwitchBase-root Mui-checked emotion-14"
                          >
                            <input
                              checked=""
                              class="MuiSwitch-input PrivateSwitchBase-input emotion-15"
                              name="tv_show"
                              type="checkbox"
                            />
                            <span
                              class="MuiSwitch-thumb emotion-16"
                            />
                            <span
                              class="MuiTouchRipple-root emotion-17"
                            />
                          </span>
                          <span
                            class="MuiSwitch-track emotion-18"
                          />
                        </span>
                        <span
                          class="MuiTypography-root MuiTypography-body1 MuiFormControlLabel-label emotion-19"
                        >
                          tv shows
                        </span>
                      </label>
                      <label
                        class="MuiFormControlLabel-root MuiFormControlLabel-labelPlacementEnd emotion-12"
                      >
                        <span
                          class="MuiSwitch-root MuiSwitch-sizeMedium emotion-13"
                        >
                          <span
                            class="MuiSwitch-switchBase MuiSwitch-colorPrimary Mui-checked MuiButtonBase-root MuiSwitch-switchBase MuiSwitch-colorPrimary Mui-checked PrivateSwitchBase-root Mui-checked emotion-14"
                          >
                            <input
                              checked=""
                              class="MuiSwitch-input PrivateSwitchBase-input emotion-15"
                              name="video_game"
                              type="checkbox"
                            />
                            <span
                              class="MuiSwitch-thumb emotion-16"
                            />
                            <span
                              class="MuiTouchRipple-root emotion-17"
                            />
                          </span>
                          <span
                            class="MuiSwitch-track emotion-18"
                          />
                        </span>
                        <span
                          class="MuiTypography-root MuiTypography-body1 MuiFormControlLabel-label emotion-19"
                        >
                          video games
                        </span>
                      </label>
                      <label
                        class="MuiFormControlLabel-root MuiFormControlLabel-labelPlacementEnd emotion-12"
                      >
                        <span
                          class="MuiSwitch-root MuiSwitch-sizeMedium emotion-13"
                        >
                          <span
                            class="MuiSwitch-switchBase MuiSwitch-colorPrimary Mui-checked MuiButtonBase-root MuiSwitch-switchBase MuiSwitch-colorPrimary Mui-checked PrivateSwitchBase-root Mui-checked emotion-14"
                          >
                            <input
                              checked=""
                              class="MuiSwitch-input PrivateSwitchBase-input emotion-15"
                              name="podcast"
                              type="checkbox"
                            />
                            <span
                              class="MuiSwitch-thumb emotion-16"
                            />
                            <span
                              class="MuiTouchRipple-root emotion-17"
                            />
                          </span>
                          <span
                            class="MuiSwitch-track emotion-18"
                          />
                        </span>
                        <span
                          class="MuiTypography-root MuiTypography-body1 MuiFormControlLabel-label emotion-19"
                        >
                          podcasts
                        </span>
                      </label>
                      <label
                        class="MuiFormControlLabel-root MuiFormControlLabel-labelPlacementEnd emotion-12"
                      >
                        <span
                          class="MuiSwitch-root MuiSwitch-sizeMedium emotion-13"
                        >
                          <span
                            class="MuiSwitch-switchBase MuiSwitch-colorPrimary Mui-checked MuiButtonBase-root MuiSwitch-switchBase MuiSwitch-colorPrimary Mui-checked PrivateSwitchBase-root Mui-checked emotion-14"
                          >
                            <input
                              checked=""
                              class="MuiSwitch-input PrivateSwitchBase-input emotion-15"
                              name="festival"
                              type="checkbox"
                            />
                            <span
                              class="MuiSwitch-thumb emotion-16"
                            />
                            <span
                              class="MuiTouchRipple-root emotion-17"
                            />
                          </span>
                          <span
                            class="MuiSwitch-track emotion-18"
                          />
                        </span>
                        <span
                          class="MuiTypography-root MuiTypography-body1 MuiFormControlLabel-label emotion-19"
                        >
                          movie festivals
                        </span>
                      </label>
                    </div>
                  </div>
                  <div
                    class="emotion-9"
                  >
                    <span
                      class="emotion-10"
                    >
                      time frame
                    </span>
                    <div
                      class="emotion-11"
                      style="width: 100%; overflow-x: auto;"
                    >
                      <div
                        class="MuiFormControl-root MuiTextField-root emotion-63"
                      >
                        <label
                          class="MuiInputLabel-root MuiInputLabel-formControl MuiInputLabel-animated MuiInputLabel-sizeSmall MuiInputLabel-outlined MuiFormLabel-root MuiFormLabel-colorPrimary emotion-64"
                          data-shrink="false"
                        >
                          year
                        </label>
                        <div
                          class="MuiOutlinedInput-root MuiInputBase-root MuiInputBase-colorPrimary MuiInputBase-formControl MuiInputBase-sizeSmall emotion-65"
                        >
                          <input
                            aria-invalid="false"
                            class="MuiOutlinedInput-input MuiInputBase-input MuiInputBase-inputSizeSmall emotion-66"
                            inputmode="numeric"
                            name="year"
                            pattern="[0-9]*"
                            type="text"
                            value=""
                          />
                          <fieldset
                            aria-hidden="true"
                            class="MuiOutlinedInput-notchedOutline emotion-67"
                          >
                            <legend
                              class="emotion-68"
                            >
                              <span>
                                year
                              </span>
                            </legend>
                          </fieldset>
                        </div>
                      </div>
                      <div
                        class="MuiFormControl-root MuiTextField-root emotion-63"
                      >
                        <label
                          class="MuiInputLabel-root MuiInputLabel-formControl MuiInputLabel-animated MuiInputLabel-sizeSmall MuiInputLabel-outlined MuiFormLabel-root MuiFormLabel-colorPrimary emotion-64"
                          data-shrink="false"
                        >
                          window
                        </label>
                        <div
                          class="MuiOutlinedInput-root MuiInputBase-root MuiInputBase-colorPrimary MuiInputBase-formControl MuiInputBase-sizeSmall emotion-65"
                        >
                          <input
                            aria-invalid="false"
                            class="MuiOutlinedInput-input MuiInputBase-input MuiInputBase-inputSizeSmall emotion-66"
                            inputmode="numeric"
                            name="timeFrame"
                            pattern="[0-9]*"
                            type="text"
                            value=""
                          />
                          <fieldset
                            aria-hidden="true"
                            class="MuiOutlinedInput-notchedOutline emotion-67"
                          >
                            <legend
                              class="emotion-68"
                            >
                              <span>
                                window
                              </span>
                            </legend>
                          </fieldset>
                        </div>
                      </div>
                    </div>
                    <span
                      class="emotion-75"
                    >
                       ? 
                    </span>
                  </div>
                  <div
                    class="emotion-9"
                  >
                    <button
                      class="MuiButton-root MuiButton-text MuiButton-textPrimary MuiButton-sizeMedium MuiButton-textSizeMedium MuiButtonBase-root emotion-77"
                      tabindex="0"
                      type="button"
                    >
                      Filter
                      <span
                        class="MuiTouchRipple-root emotion-17"
                      />
                    </button>
                  </div>
                </div>
              </div>
              <div
                class="emotion-79"
              >
                <div
                  class="emotion-9"
                >
                  <div
                    class="emotion-81"
                  >
                    <div
                      class="emotion-81"
                    >
                      <div
                        class="emotion-79"
                      >
                        <div
                          class="emotion-84"
                        >
                          Movie
                        </div>
                        <h3
                          class="emotion-85"
                        >
                          <span
                            class="emotion-86"
                          >
                            test
                          </span>
                        </h3>
                        
                      </div>
                      <hr
                        class="MuiDivider-root MuiDivider-fullWidth MuiDivider-flexItem emotion-87"
                      />
                      <div
                        class="emotion-79"
                      >
                        <div
                          class="emotion-84"
                        >
                          Movie
                        </div>
                        <h3
                          class="emotion-85"
                        >
                          <span
                            class="emotion-86"
                          >
                            test
                          </span>
                        </h3>
                        
                      </div>
                      <hr
                        class="MuiDivider-root MuiDivider-fullWidth MuiDivider-flexItem emotion-87"
                      />
                      <div
                        class="emotion-79"
                      >
                        <div
                          class="emotion-84"
                        >
                          Movie
                        </div>
                        <h3
                          class="emotion-85"
                        >
                          <span
                            class="emotion-86"
                          >
                            test
                          </span>
                        </h3>
                        
                      </div>
                      <hr
                        class="MuiDivider-root MuiDivider-fullWidth MuiDivider-flexItem emotion-87"
                      />
                      <div
                        class="emotion-79"
                      >
                        <div
                          class="emotion-84"
                        >
                          Movie
                        </div>
                        <h3
                          class="emotion-85"
                        >
                          <span
                            class="emotion-86"
                          >
                            test
                          </span>
                        </h3>
                        
                      </div>
                      <hr
                        class="MuiDivider-root MuiDivider-fullWidth MuiDivider-flexItem emotion-87"
                      />
                      <div
                        class="emotion-79"
                      >
                        <div
                          class="emotion-84"
                        >
                          Movie
                        </div>
                        <h3
                          class="emotion-85"
                        >
                          <span
                            class="emotion-86"
                          >
                            test
                          </span>
                        </h3>
                        
                      </div>
                      <hr
                        class="MuiDivider-root MuiDivider-fullWidth MuiDivider-flexItem emotion-87"
                      />
                      <div
                        class="emotion-79"
                      >
                        <div
                          class="emotion-84"
                        >
                          Movie
                        </div>
                        <h3
                          class="emotion-85"
                        >
                          <span
                            class="emotion-86"
                          >
                            test
                          </span>
                        </h3>
                        
                      </div>
                      <hr
                        class="MuiDivider-root MuiDivider-fullWidth MuiDivider-flexItem emotion-87"
                      />
                      <div
                        class="emotion-79"
                      >
                        <div
                          class="emotion-84"
                        >
                          Movie
                        </div>
                        <h3
                          class="emotion-85"
                        >
                          <span
                            class="emotion-86"
                          >
                            test
                          </span>
                        </h3>
                        
                      </div>
                      <hr
                        class="MuiDivider-root MuiDivider-fullWidth MuiDivider-flexItem emotion-87"
                      />
                      <div
                        class="emotion-79"
                      >
                        <div
                          class="emotion-84"
                        >
                          Movie
                        </div>
                        <h3
                          class="emotion-85"
                        >
                          <span
                            class="emotion-86"
                          >
                            test
                          </span>
                        </h3>
                        
                      </div>
                      <hr
                        class="MuiDivider-root MuiDivider-fullWidth MuiDivider-flexItem emotion-87"
                      />
                      <div
                        class="emotion-79"
                      >
                        <div
                          class="emotion-84"
                        >
                          Movie
                        </div>
                        <h3
                          class="emotion-85"
                        >
                          <span
                            class="emotion-86"
                          >
                            test
                          </span>
                        </h3>
                        
                      </div>
                      <hr
                        class="MuiDivider-root MuiDivider-fullWidth MuiDivider-flexItem emotion-87"
                      />
                      <div
                        class="emotion-79"
                      >
                        <div
                          class="emotion-84"
                        >
                          Movie
                        </div>
                        <h3
                          class="emotion-85"
                        >
                          <span
                            class="emotion-86"
                          >
                            test
                          </span>
                        </h3>
                        
                      </div>
                    </div>
                    <div
                      class="emotion-132"
                    >
                      <button
                        class="MuiButton-root MuiButton-outlined MuiButton-outlinedPrimary MuiButton-sizeMedium MuiButton-outlinedSizeMedium MuiButtonBase-root Mui-disabled emotion-133"
                        disabled=""
                        tabindex="-1"
                        type="button"
                      >
                        Back
                      </button>
                      <button
                        class="MuiButton-root MuiButton-outlined MuiButton-outlinedPrimary MuiButton-sizeMedium MuiButton-outlinedSizeMedium MuiButtonBase-root emotion-133"
                        tabindex="0"
                        type="button"
                      >
                        Next
                        <span
                          class="MuiTouchRipple-root emotion-17"
                        />
                      </button>
                    </div>
                  </div>
                </div>
              </div>
            </div>
          </div>
        </div>
        <div
          class="MuiGrid-root MuiGrid-item MuiGrid-grid-xs-12 MuiGrid-grid-sm-12 MuiGrid-grid-md-3"
        >
          <div
            style="padding-left: 1rem; padding-right: 0.5rem;"
          >
            <div
              class="MuiPaper-root MuiPaper-elevation MuiPaper-rounded MuiPaper-elevation1 emotion-136"
            >
              <div
                class="emotion-137"
              >
                <div
                  class="emotion-138"
                >
                  See also
                </div>
                <div
                  class="emotion-139"
                >
                  <span
                    class="emotion-86"
                  >
                    Movie Awards
                  </span>
                </div>
                <div
                  class="emotion-139"
                >
                  <span
                    class="emotion-86"
                  >
                    Movies
                  </span>
                </div>
                <div
                  class="emotion-139"
                >
                  <span
                    class="emotion-86"
                  >
                    People
                  </span>
                </div>
                <div
                  class="emotion-139"
                >
                  <span
                    class="emotion-86"
                  >
                    Podcasts
                  </span>
                </div>
                <div
                  class="emotion-139"
                >
                  <span
                    class="emotion-86"
                  >
                    Music Podcasts
                  </span>
                </div>
              </div>
            </div>
          </div>
        </div>
      </div>
    </div>
  </div>
</div>
`;
